Archive member included to satisfy reference by file (symbol)

NuttX/nuttx/arch/arm/src/libarch.a(stm32_start.o)
                              (__start)
NuttX/nuttx/arch/arm/src/libarch.a(stm32_rcc.o)
                              NuttX/nuttx/arch/arm/src/libarch.a(stm32_start.o) (stm32_clockconfig)
NuttX/nuttx/arch/arm/src/libarch.a(stm32_gpio.o)
                              NuttX/nuttx/arch/arm/src/libarch.a(stm32_start.o) (stm32_gpioinit)
NuttX/nuttx/arch/arm/src/libarch.a(stm32_lowputc.o)
                              NuttX/nuttx/arch/arm/src/libarch.a(stm32_start.o) (stm32_lowsetup)
NuttX/nuttx/arch/arm/src/libarch.a(stm32_serial.o)
                              NuttX/nuttx/arch/arm/src/libarch.a(stm32_start.o) (arm_earlyserialinit)
NuttX/nuttx/arch/arm/src/libarch.a(arm_modifyreg32.o)
                              NuttX/nuttx/arch/arm/src/libarch.a(stm32_serial.o) (modifyreg32)
NuttX/nuttx/arch/arm/src/libarch.a(arm_vectors.o)
                              (_vectors)
NuttX/nuttx/arch/arm/src/libarch.a(arm_exception.o)
                              NuttX/nuttx/arch/arm/src/libarch.a(arm_vectors.o) (exception_common)
NuttX/nuttx/arch/arm/src/libarch.a(stm32_irq.o)
                              NuttX/nuttx/arch/arm/src/libarch.a(stm32_serial.o) (up_disable_irq)
NuttX/nuttx/arch/arm/src/libarch.a(stm32_dma.o)
                              NuttX/nuttx/arch/arm/src/libarch.a(stm32_serial.o) (stm32_dmachannel)
NuttX/nuttx/arch/arm/src/libarch.a(arm_hardfault.o)
                              NuttX/nuttx/arch/arm/src/libarch.a(stm32_irq.o) (arm_hardfault)
NuttX/nuttx/arch/arm/src/libarch.a(arm_svcall.o)
                              NuttX/nuttx/arch/arm/src/libarch.a(stm32_irq.o) (arm_svcall)
NuttX/nuttx/arch/arm/src/libarch.a(arm_doirq.o)
                              NuttX/nuttx/arch/arm/src/libarch.a(arm_exception.o) (arm_doirq)
NuttX/nuttx/libs/libc/libc.a(lib_assert.o)
                              NuttX/nuttx/arch/arm/src/libarch.a(arm_hardfault.o) (_assert)
NuttX/nuttx/libs/libc/libc.a(sem_init.o)
                              NuttX/nuttx/arch/arm/src/libarch.a(stm32_dma.o) (nxsem_init)
NuttX/nuttx/libs/libc/libc.a(lib_abort.o)
                              (abort)
NuttX/nuttx/libs/libc/libc.a(lib_strcpy.o)
                              NuttX/nuttx/arch/arm/src/libarch.a(stm32_serial.o) (strcpy)
NuttX/nuttx/libs/libc/libc.a(lib_memcpy.o)
                              NuttX/nuttx/arch/arm/src/libarch.a(arm_svcall.o) (memcpy)
NuttX/nuttx/libs/libc/libc.a(lib_cfspeed.o)
                              NuttX/nuttx/arch/arm/src/libarch.a(stm32_serial.o) (cfsetspeed)
NuttX/nuttx/libs/libc/libc.a(lib_errno.o)
                              NuttX/nuttx/libs/libc/libc.a(sem_init.o) (__errno)
NuttX/nuttx/libs/libc/libc.a(tls_getinfo.o)
                              NuttX/nuttx/libs/libc/libc.a(lib_errno.o) (tls_get_info)
NuttX/nuttx/drivers/libdrivers.a(serial.o)
                              NuttX/nuttx/arch/arm/src/libarch.a(stm32_serial.o) (uart_register)
NuttX/nuttx/drivers/libdrivers.a(serial_io.o)
                              NuttX/nuttx/arch/arm/src/libarch.a(stm32_serial.o) (uart_xmitchars)
NuttX/nuttx/fs/libfs.a(fs_registerdriver.o)
                              NuttX/nuttx/drivers/libdrivers.a(serial.o) (register_driver)
NuttX/nuttx/fs/libfs.a(fs_inode.o)
                              NuttX/nuttx/fs/libfs.a(fs_registerdriver.o) (inode_semtake)
NuttX/nuttx/fs/libfs.a(fs_inodereserve.o)
                              NuttX/nuttx/fs/libfs.a(fs_inode.o) (inode_root_reserve)
NuttX/nuttx/fs/libfs.a(fs_inodesearch.o)
                              NuttX/nuttx/fs/libfs.a(fs_inodereserve.o) (inode_nextname)
NuttX/nuttx/mm/libmm.a(umm_free.o)
                              NuttX/nuttx/fs/libfs.a(fs_inodereserve.o) (free)
NuttX/nuttx/mm/libmm.a(umm_zalloc.o)
                              NuttX/nuttx/fs/libfs.a(fs_inodereserve.o) (zalloc)
NuttX/nuttx/mm/libmm.a(umm_globals.o)
                              NuttX/nuttx/mm/libmm.a(umm_free.o) (g_mmheap)
NuttX/nuttx/mm/libmm.a(mm_free.o)
                              NuttX/nuttx/mm/libmm.a(umm_free.o) (mm_free)
NuttX/nuttx/mm/libmm.a(mm_zalloc.o)
                              NuttX/nuttx/mm/libmm.a(umm_zalloc.o) (mm_zalloc)
NuttX/nuttx/mm/libmm.a(mm_sem.o)
                              NuttX/nuttx/mm/libmm.a(mm_free.o) (mm_trysemaphore)
NuttX/nuttx/mm/libmm.a(mm_addfreechunk.o)
                              NuttX/nuttx/mm/libmm.a(mm_free.o) (mm_addfreechunk)
NuttX/nuttx/mm/libmm.a(mm_size2ndx.o)
                              NuttX/nuttx/mm/libmm.a(mm_addfreechunk.o) (mm_size2ndx)
NuttX/nuttx/mm/libmm.a(mm_malloc.o)
                              NuttX/nuttx/mm/libmm.a(mm_zalloc.o) (mm_malloc)
NuttX/nuttx/sched/libsched.a(clock_initialize.o)
                              NuttX/nuttx/drivers/libdrivers.a(serial.o) (g_system_timer)
NuttX/nuttx/sched/libsched.a(nx_start.o)
                              NuttX/nuttx/arch/arm/src/libarch.a(stm32_start.o) (nx_start)
[...]
Memory Configuration

Name             Origin             Length             Attributes
flash            0x08001000         0x0000f000         xr
sram             0x20000000         0x00002000         xrw
*default*        0x00000000         0xffffffff

Linker script and memory map

LOAD platforms/nuttx/CMakeFiles/px4.dir/__/common/empty.c.obj

.text           0x08001000     0xe8fc
                0x08001000                _stext = ABSOLUTE (.)
 *(.vectors)
 .vectors       0x08001000      0x134 NuttX/nuttx/arch/arm/src/libarch.a(arm_vectors.o)
                0x08001000                _vectors
 *(.text .text.*)
 .text.go_nx_start
                0x08001134       0x26 NuttX/nuttx/arch/arm/src/libarch.a(stm32_start.o)
 *fill*         0x0800115a        0x2 
 .text.__start  0x0800115c       0x58 NuttX/nuttx/arch/arm/src/libarch.a(stm32_start.o)
                0x0800115c                __start
 .text.stm32_clockconfig
                0x080011b4       0xe4 NuttX/nuttx/arch/arm/src/libarch.a(stm32_rcc.o)
                0x080011b4                stm32_clockconfig
 .text.stm32_gpioinit
                0x08001298       0x10 NuttX/nuttx/arch/arm/src/libarch.a(stm32_gpio.o)
                0x08001298                stm32_gpioinit
 .text.stm32_configgpio
                0x080012a8       0xcc NuttX/nuttx/arch/arm/src/libarch.a(stm32_gpio.o)
                0x080012a8                stm32_configgpio
 .text.stm32_unconfiggpio
                0x08001374        0xc NuttX/nuttx/arch/arm/src/libarch.a(stm32_gpio.o)
                0x08001374                stm32_unconfiggpio
 .text.stm32_gpiowrite
                0x08001380       0x2c NuttX/nuttx/arch/arm/src/libarch.a(stm32_gpio.o)
                0x08001380                stm32_gpiowrite
 .text.stm32_gpioread
                0x080013ac       0x2c NuttX/nuttx/arch/arm/src/libarch.a(stm32_gpio.o)
                0x080013ac                stm32_gpioread
 .text.arm_lowputc
                0x080013d8       0x18 NuttX/nuttx/arch/arm/src/libarch.a(stm32_lowputc.o)
                0x080013d8                arm_lowputc
 .text.stm32_lowsetup
                0x080013f0       0x6c NuttX/nuttx/arch/arm/src/libarch.a(stm32_lowputc.o)
                0x080013f0                stm32_lowsetup
 .text.up_setusartint
                0x0800145c       0x28 NuttX/nuttx/arch/arm/src/libarch.a(stm32_serial.o)
 .text.up_restoreusartint
                0x08001484       0x18 NuttX/nuttx/arch/arm/src/libarch.a(stm32_serial.o)
 .text.up_disableusartint
                0x0800149c       0x2e NuttX/nuttx/arch/arm/src/libarch.a(stm32_serial.o)
 .text.up_set_format
                0x080014ca       0x76 NuttX/nuttx/arch/arm/src/libarch.a(stm32_serial.o)
 .text.up_receive
                0x08001540       0x1a NuttX/nuttx/arch/arm/src/libarch.a(stm32_serial.o)
 .text.up_rxint
                0x0800155a       0x2e NuttX/nuttx/arch/arm/src/libarch.a(stm32_serial.o)
 .text.up_rxavailable
                0x08001588        0xc NuttX/nuttx/arch/arm/src/libarch.a(stm32_serial.o)
 .text.up_dma_rxint
                0x08001594        0x8 NuttX/nuttx/arch/arm/src/libarch.a(stm32_serial.o)
 .text.up_send  0x0800159c        0x8 NuttX/nuttx/arch/arm/src/libarch.a(stm32_serial.o)
 .text.up_txready
                0x080015a4        0xc NuttX/nuttx/arch/arm/src/libarch.a(stm32_serial.o)
 .text.up_txint
                0x080015b0       0x36 NuttX/nuttx/arch/arm/src/libarch.a(stm32_serial.o)
 .text.up_dma_receive
                0x080015e6       0x2e NuttX/nuttx/arch/arm/src/libarch.a(stm32_serial.o)
 .text.up_ioctl
                0x08001614       0xd4 NuttX/nuttx/arch/arm/src/libarch.a(stm32_serial.o)
 .text.up_detach
                0x080016e8       0x1c NuttX/nuttx/arch/arm/src/libarch.a(stm32_serial.o)
 .text.up_attach
                0x08001704       0x24 NuttX/nuttx/arch/arm/src/libarch.a(stm32_serial.o)
 .text.up_interrupt
                0x08001728       0x56 NuttX/nuttx/arch/arm/src/libarch.a(stm32_serial.o)
 .text.up_dma_rxavailable
                0x0800177e       0x1a NuttX/nuttx/arch/arm/src/libarch.a(stm32_serial.o)
 .text.up_dma_rxcallback
                0x08001798       0x1e NuttX/nuttx/arch/arm/src/libarch.a(stm32_serial.o)
 *fill*         0x080017b6        0x2 
 .text.up_shutdown
                0x080017b8       0x74 NuttX/nuttx/arch/arm/src/libarch.a(stm32_serial.o)
 .text.up_dma_shutdown
                0x0800182c       0x1a NuttX/nuttx/arch/arm/src/libarch.a(stm32_serial.o)
 *fill*         0x08001846        0x2 
 .text.up_setup
                0x08001848       0xa0 NuttX/nuttx/arch/arm/src/libarch.a(stm32_serial.o)
 .text.up_dma_setup
                0x080018e8       0x54 NuttX/nuttx/arch/arm/src/libarch.a(stm32_serial.o)
 .text.arm_earlyserialinit
                0x0800193c       0x34 NuttX/nuttx/arch/arm/src/libarch.a(stm32_serial.o)
                0x0800193c                arm_earlyserialinit
 .text.arm_serialinit
                0x08001970       0x60 NuttX/nuttx/arch/arm/src/libarch.a(stm32_serial.o)
                0x08001970                arm_serialinit
 .text.stm32_serial_dma_poll
                0x080019d0       0x34 NuttX/nuttx/arch/arm/src/libarch.a(stm32_serial.o)
                0x080019d0                stm32_serial_dma_poll
 .text.up_putc  0x08001a04       0x34 NuttX/nuttx/arch/arm/src/libarch.a(stm32_serial.o)
                0x08001a04                up_putc
 .text.modifyreg32
                0x08001a38       0x1e NuttX/nuttx/arch/arm/src/libarch.a(arm_modifyreg32.o)
                0x08001a38                modifyreg32
 .text          0x08001a56       0x5e NuttX/nuttx/arch/arm/src/libarch.a(arm_exception.o)
                0x08001a56                exception_common
 .text.stm32_irqinfo
                0x08001ab4       0x68 NuttX/nuttx/arch/arm/src/libarch.a(stm32_irq.o)
 .text.up_irqinitialize
                0x08001b1c       0x94 NuttX/nuttx/arch/arm/src/libarch.a(stm32_irq.o)
                0x08001b1c                up_irqinitialize
 .text.up_disable_irq
                0x08001bb0       0x24 NuttX/nuttx/arch/arm/src/libarch.a(stm32_irq.o)
                0x08001bb0                up_disable_irq
 .text.up_enable_irq
                0x08001bd4       0x24 NuttX/nuttx/arch/arm/src/libarch.a(stm32_irq.o)
                0x08001bd4                up_enable_irq
 .text.arm_ack_irq
                0x08001bf8        0x2 NuttX/nuttx/arch/arm/src/libarch.a(stm32_irq.o)
                0x08001bf8                arm_ack_irq
 .text.stm32_dmachandisable
                0x08001bfa       0x20 NuttX/nuttx/arch/arm/src/libarch.a(stm32_dma.o)
 *fill*         0x08001c1a        0x2 
 .text.stm32_dmainterrupt
                0x08001c1c       0x50 NuttX/nuttx/arch/arm/src/libarch.a(stm32_dma.o)
 .text.arm_dma_initialize
                0x08001c6c       0x40 NuttX/nuttx/arch/arm/src/libarch.a(stm32_dma.o)
                0x08001c6c                arm_dma_initialize
 .text.stm32_dmachannel
                0x08001cac       0x20 NuttX/nuttx/arch/arm/src/libarch.a(stm32_dma.o)
                0x08001cac                stm32_dmachannel
 .text.stm32_dmafree
                0x08001ccc        0x6 NuttX/nuttx/arch/arm/src/libarch.a(stm32_dma.o)
                0x08001ccc                stm32_dmafree
 .text.stm32_dmasetup
                0x08001cd2       0x34 NuttX/nuttx/arch/arm/src/libarch.a(stm32_dma.o)
                0x08001cd2                stm32_dmasetup
 .text.stm32_dmastart
                0x08001d06       0x28 NuttX/nuttx/arch/arm/src/libarch.a(stm32_dma.o)
                0x08001d06                stm32_dmastart
 .text.stm32_dmastop
                0x08001d2e        0x4 NuttX/nuttx/arch/arm/src/libarch.a(stm32_dma.o)
                0x08001d2e                stm32_dmastop
 .text.stm32_dmaresidual
                0x08001d32        0x6 NuttX/nuttx/arch/arm/src/libarch.a(stm32_dma.o)
                0x08001d32                stm32_dmaresidual
 .text.arm_hardfault
                0x08001d38       0x18 NuttX/nuttx/arch/arm/src/libarch.a(arm_hardfault.o)
                0x08001d38                arm_hardfault
 .text.arm_svcall
                0x08001d50       0x38 NuttX/nuttx/arch/arm/src/libarch.a(arm_svcall.o)
                0x08001d50                arm_svcall
 .text.arm_doirq
                0x08001d88       0x24 NuttX/nuttx/arch/arm/src/libarch.a(arm_doirq.o)
                0x08001d88                arm_doirq
 .text._assert  0x08001dac        0xc NuttX/nuttx/libs/libc/libc.a(lib_assert.o)
                0x08001dac                _assert
 .text.nxsem_init
                0x08001db8       0x16 NuttX/nuttx/libs/libc/libc.a(sem_init.o)
                0x08001db8                nxsem_init
 .text.sem_init
                0x08001dce       0x20 NuttX/nuttx/libs/libc/libc.a(sem_init.o)
                0x08001dce                sem_init
 .text.abort    0x08001dee        0x8 NuttX/nuttx/libs/libc/libc.a(lib_abort.o)
                0x08001dee                abort
 .text.strcpy   0x08001df6       0x10 NuttX/nuttx/libs/libc/libc.a(lib_strcpy.o)
                0x08001df6                strcpy
 .text.memcpy   0x08001e06       0x16 NuttX/nuttx/libs/libc/libc.a(lib_memcpy.o)
                0x08001e06                memcpy
 .text.cfsetspeed
                0x08001e1c       0x40 NuttX/nuttx/libs/libc/libc.a(lib_cfspeed.o)
                0x08001e1c                cfsetspeed
 .text.cfgetspeed
                0x08001e5c        0x4 NuttX/nuttx/libs/libc/libc.a(lib_cfspeed.o)
                0x08001e5c                cfgetspeed
 .text.__errno  0x08001e60        0xa NuttX/nuttx/libs/libc/libc.a(lib_errno.o)
                0x08001e60                __errno
 .text.tls_get_info
                0x08001e6a       0x18 NuttX/nuttx/libs/libc/libc.a(tls_getinfo.o)
                0x08001e6a                tls_get_info
 .text.uart_putc
                0x08001e82       0x20 NuttX/nuttx/drivers/libdrivers.a(serial.o)
 .text.uart_putxmitchar
                0x08001ea2       0x92 NuttX/nuttx/drivers/libdrivers.a(serial.o)
 .text.uart_read
                0x08001f34      0x106 NuttX/nuttx/drivers/libdrivers.a(serial.o)
 .text.uart_open
                0x0800203a       0x86 NuttX/nuttx/drivers/libdrivers.a(serial.o)
 .text.uart_pollnotify
                0x080020c0       0x52 NuttX/nuttx/drivers/libdrivers.a(serial.o)
 .text.uart_poll
                0x08002112       0xce NuttX/nuttx/drivers/libdrivers.a(serial.o)
 .text.uart_tcdrain
                0x080021e0       0xa0 NuttX/nuttx/drivers/libdrivers.a(serial.o)
 .text.uart_write
                0x08002280      0x102 NuttX/nuttx/drivers/libdrivers.a(serial.o)
 *fill*         0x08002382        0x2 
 .text.uart_register
                0x08002384       0x8c NuttX/nuttx/drivers/libdrivers.a(serial.o)
                0x08002384                uart_register
 .text.uart_datareceived
                0x08002410       0x20 NuttX/nuttx/drivers/libdrivers.a(serial.o)
                0x08002410                uart_datareceived
 .text.uart_datasent
                0x08002430       0x20 NuttX/nuttx/drivers/libdrivers.a(serial.o)
                0x08002430                uart_datasent
 .text.uart_ioctl
                0x08002450      0x152 NuttX/nuttx/drivers/libdrivers.a(serial.o)
 .text.uart_reset_sem
                0x080025a2       0x38 NuttX/nuttx/drivers/libdrivers.a(serial.o)
                0x080025a2                uart_reset_sem
 .text.uart_close
                0x080025da       0x74 NuttX/nuttx/drivers/libdrivers.a(serial.o)
 .text.uart_xmitchars
                0x0800264e       0x70 NuttX/nuttx/drivers/libdrivers.a(serial_io.o)
                0x0800264e                uart_xmitchars
 .text.uart_recvchars
                0x080026be       0x66 NuttX/nuttx/drivers/libdrivers.a(serial_io.o)
                0x080026be                uart_recvchars
 .text.register_driver
                0x08002724       0x36 NuttX/nuttx/fs/libfs.a(fs_registerdriver.o)
                0x08002724                register_driver
 *fill*         0x0800275a        0x2 
 .text.inode_initialize
                0x0800275c       0x30 NuttX/nuttx/fs/libfs.a(fs_inode.o)
                0x0800275c                inode_initialize
 .text.inode_semtake
                0x0800278c       0x34 NuttX/nuttx/fs/libfs.a(fs_inode.o)
                0x0800278c                inode_semtake
 .text.inode_semgive
                0x080027c0       0x24 NuttX/nuttx/fs/libfs.a(fs_inode.o)
                0x080027c0                inode_semgive
 .text.inode_alloc
                0x080027e4       0x3c NuttX/nuttx/fs/libfs.a(fs_inodereserve.o)
 .text.inode_root_reserve
                0x08002820       0x18 NuttX/nuttx/fs/libfs.a(fs_inodereserve.o)
                0x08002820                inode_root_reserve
 .text.inode_reserve
                0x08002838       0x9c NuttX/nuttx/fs/libfs.a(fs_inodereserve.o)
                0x08002838                inode_reserve
 .text.inode_nextname
                0x080028d4       0x20 NuttX/nuttx/fs/libfs.a(fs_inodesearch.o)
                0x080028d4                inode_nextname
 .text.inode_search
                0x080028f4       0xb8 NuttX/nuttx/fs/libfs.a(fs_inodesearch.o)
                0x080028f4                inode_search
 .text.free     0x080029ac        0xc NuttX/nuttx/mm/libmm.a(umm_free.o)
                0x080029ac                free
 .text.zalloc   0x080029b8        0xc NuttX/nuttx/mm/libmm.a(umm_zalloc.o)
                0x080029b8                zalloc
 .text.mm_free  0x080029c4       0xd0 NuttX/nuttx/mm/libmm.a(mm_free.o)
                0x080029c4                mm_free
 .text.mm_zalloc
                0x08002a94       0x18 NuttX/nuttx/mm/libmm.a(mm_zalloc.o)
                0x08002a94                mm_zalloc
 .text.mm_seminitialize
                0x08002aac       0x18 NuttX/nuttx/mm/libmm.a(mm_sem.o)
                0x08002aac                mm_seminitialize
 .text.mm_trysemaphore
                0x08002ac4       0x32 NuttX/nuttx/mm/libmm.a(mm_sem.o)
                0x08002ac4                mm_trysemaphore
 .text.mm_takesemaphore
                0x08002af6       0x2a NuttX/nuttx/mm/libmm.a(mm_sem.o)
                0x08002af6                mm_takesemaphore
 .text.mm_givesemaphore
                0x08002b20       0x1a NuttX/nuttx/mm/libmm.a(mm_sem.o)
                0x08002b20                mm_givesemaphore
 .text.mm_addfreechunk
                0x08002b3a       0x38 NuttX/nuttx/mm/libmm.a(mm_addfreechunk.o)
                0x08002b3a                mm_addfreechunk
 .text.mm_size2ndx
                0x08002b72       0x1a NuttX/nuttx/mm/libmm.a(mm_size2ndx.o)
                0x08002b72                mm_size2ndx
 .text.mm_malloc
                0x08002b8c       0xbe NuttX/nuttx/mm/libmm.a(mm_malloc.o)
                0x08002b8c                mm_malloc
 .text.clock_initialize
                0x08002c4a        0x4 NuttX/nuttx/sched/libsched.a(clock_initialize.o)
                0x08002c4a                clock_initialize
 *fill*         0x08002c4e        0x2 
 .text.clock_timer
                0x08002c50       0x10 NuttX/nuttx/sched/libsched.a(clock_initialize.o)
                0x08002c50                clock_timer
 .text.nx_start
                0x08002c60      0x140 NuttX/nuttx/sched/libsched.a(nx_start.o)
                0x08002c60                nx_start
 .text.nx_bringup
                0x08002da0       0x24 NuttX/nuttx/sched/libsched.a(nx_bringup.o)
                0x08002da0                nx_bringup
 .text.irq_attach
                0x08002dc4       0x44 NuttX/nuttx/sched/libsched.a(irq_attach.o)
                0x08002dc4                irq_attach
 .text.irq_dispatch
                0x08002e08       0x3c NuttX/nuttx/sched/libsched.a(irq_dispatch.o)
                0x08002e08                irq_dispatch
 .text.irq_unexpected_isr
                0x08002e44       0x18 NuttX/nuttx/sched/libsched.a(irq_unexpectedisr.o)
                0x08002e44                irq_unexpected_isr
 .text.sched_idletask
                0x08002e5c       0x18 NuttX/nuttx/sched/libsched.a(sched_idletask.o)
                0x08002e5c                sched_idletask
 .text.nxsched_get_stackinfo
                0x08002e74       0x44 NuttX/nuttx/sched/libsched.a(sched_get_stackinfo.o)
                0x08002e74                nxsched_get_stackinfo
 .text.nxsem_wait
                0x08002eb8       0x54 NuttX/nuttx/sched/libsched.a(sem_wait.o)
                0x08002eb8                nxsem_wait
 .text.nxsem_wait_uninterruptible
                0x08002f0c       0x10 NuttX/nuttx/sched/libsched.a(sem_wait.o)
                0x08002f0c                nxsem_wait_uninterruptible
 .text.sem_wait
                0x08002f1c       0x1c NuttX/nuttx/sched/libsched.a(sem_wait.o)
                0x08002f1c                sem_wait
 .text.nxsem_trywait
                0x08002f38       0x40 NuttX/nuttx/sched/libsched.a(sem_trywait.o)
                0x08002f38                nxsem_trywait
 .text.sem_trywait
                0x08002f78       0x1a NuttX/nuttx/sched/libsched.a(sem_trywait.o)
                0x08002f78                sem_trywait
 *fill*         0x08002f92        0x2 
 .text.nxsem_post
                0x08002f94       0x60 NuttX/nuttx/sched/libsched.a(sem_post.o)
                0x08002f94                nxsem_post
 .text.sem_post
                0x08002ff4       0x1a NuttX/nuttx/sched/libsched.a(sem_post.o)
                0x08002ff4                sem_post
 .text.nxsem_reset
                0x0800300e       0x42 NuttX/nuttx/sched/libsched.a(sem_reset.o)
                0x0800300e                nxsem_reset
 .text.nxsig_usleep
                0x08003050       0x2c NuttX/nuttx/sched/libsched.a(sig_usleep.o)
                0x08003050                nxsig_usleep
 .text.nxthread_create
                0x0800307c       0x52 NuttX/nuttx/sched/libsched.a(task_create.o)
 .text.nxtask_create
                0x080030ce       0x16 NuttX/nuttx/sched/libsched.a(task_create.o)
                0x080030ce                nxtask_create
 .text.nxtask_init
                0x080030e4       0x9c NuttX/nuttx/sched/libsched.a(task_init.o)
                0x080030e4                nxtask_init
 .text.nxtask_setup_scheduler
                0x08003180       0xc0 NuttX/nuttx/sched/libsched.a(task_setup.o)
                0x08003180                nxtask_setup_scheduler
 .text.nxtask_setup_arguments
                0x08003240       0xac NuttX/nuttx/sched/libsched.a(task_setup.o)
                0x08003240                nxtask_setup_arguments
 .text.nxtask_activate
                0x080032ec       0x18 NuttX/nuttx/sched/libsched.a(task_activate.o)
                0x080032ec                nxtask_activate
 .text.nxtask_start
                0x08003304       0x44 NuttX/nuttx/sched/libsched.a(task_start.o)
                0x08003304                nxtask_start
 .text.getpid   0x08003348       0x1c NuttX/nuttx/sched/libsched.a(task_getpid.o)
                0x08003348                getpid
 .text.exit     0x08003364       0x1c NuttX/nuttx/sched/libsched.a(exit.o)
                0x08003364                exit
 .text.group_allocate
                0x08003380       0x18 NuttX/nuttx/sched/libsched.a(group_create.o)
                0x08003380                group_allocate
 .text.group_initialize
                0x08003398        0xa NuttX/nuttx/sched/libsched.a(group_create.o)
                0x08003398                group_initialize
 .text.group_leave
                0x080033a2       0x34 NuttX/nuttx/sched/libsched.a(group_leave.o)
                0x080033a2                group_leave
 *fill*         0x080033d6        0x2 
 .text.group_setupidlefiles
                0x080033d8       0x40 NuttX/nuttx/sched/libsched.a(group_setupidlefiles.o)
                0x080033d8                group_setupidlefiles
 .text.group_setuptaskfiles
                0x08003418       0x16 NuttX/nuttx/sched/libsched.a(group_setuptaskfiles.o)
                0x08003418                group_setuptaskfiles
 *fill*         0x0800342e        0x2 
 .text.irq_initialize
                0x08003430       0x28 NuttX/nuttx/sched/libsched.a(irq_initialize.o)
                0x08003430                irq_initialize
 .text.nxsched_get_tcb
                0x08003458       0x38 NuttX/nuttx/sched/libsched.a(sched_gettcb.o)
                0x08003458                nxsched_get_tcb
 .text.nxsched_release_tcb
                0x08003490       0x40 NuttX/nuttx/sched/libsched.a(sched_releasetcb.o)
                0x08003490                nxsched_release_tcb
 .text.sched_lock
                0x080034d0       0x1c NuttX/nuttx/sched/libsched.a(sched_lock.o)
                0x080034d0                sched_lock
 .text.sched_unlock
                0x080034ec       0x50 NuttX/nuttx/sched/libsched.a(sched_unlock.o)
                0x080034ec                sched_unlock
 .text.nxsig_procmask
                0x0800353c       0x64 NuttX/nuttx/sched/libsched.a(sig_procmask.o)
                0x0800353c                nxsig_procmask
 .text.nxsig_unmask_pendingsignal
                0x080035a0       0x64 NuttX/nuttx/sched/libsched.a(sig_unmaskpendingsignal.o)
                0x080035a0                nxsig_unmask_pendingsignal
 .text.nxsig_remove_pendingsignal
                0x08003604       0x3c NuttX/nuttx/sched/libsched.a(sig_removependingsignal.o)
                0x08003604                nxsig_remove_pendingsignal
 .text.nxsig_release_pendingsignal
                0x08003640       0x44 NuttX/nuttx/sched/libsched.a(sig_releasependingsignal.o)
                0x08003640                nxsig_release_pendingsignal
 .text.nxsig_lowest
                0x08003684       0x1e NuttX/nuttx/sched/libsched.a(sig_lowest.o)
                0x08003684                nxsig_lowest
 .text.nxsig_cleanup
                0x080036a2       0x32 NuttX/nuttx/sched/libsched.a(sig_cleanup.o)
                0x080036a2                nxsig_cleanup
 .text.nxsig_release
                0x080036d4       0x26 NuttX/nuttx/sched/libsched.a(sig_cleanup.o)
                0x080036d4                nxsig_release
 *fill*         0x080036fa        0x2 
 .text.nxsig_tcbdispatch
                0x080036fc      0x194 NuttX/nuttx/sched/libsched.a(sig_dispatch.o)
                0x080036fc                nxsig_tcbdispatch
 .text.nxsig_deliver
                0x08003890       0xae NuttX/nuttx/sched/libsched.a(sig_deliver.o)
                0x08003890                nxsig_deliver
 *fill*         0x0800393e        0x2 
 .text.nxsig_nanosleep
                0x08003940       0x84 NuttX/nuttx/sched/libsched.a(sig_nanosleep.o)
                0x08003940                nxsig_nanosleep
 .text.nxtask_exithook
                0x080039c4       0x38 NuttX/nuttx/sched/libsched.a(task_exithook.o)
                0x080039c4                nxtask_exithook
 .text.nxtask_recover
                0x080039fc       0x12 NuttX/nuttx/sched/libsched.a(task_recover.o)
                0x080039fc                nxtask_recover
 .text.wd_recover
                0x08003a0e        0x6 NuttX/nuttx/sched/libsched.a(wd_recover.o)
                0x08003a0e                wd_recover
 .text.clock_time2ticks
                0x08003a14       0x40 NuttX/nuttx/sched/libsched.a(clock_time2ticks.o)
                0x08003a14                clock_time2ticks
 .text.clock_ticks2time
                0x08003a54       0x1c NuttX/nuttx/sched/libsched.a(clock_ticks2time.o)
                0x08003a54                clock_ticks2time
 .text.group_setupstreams
                0x08003a70       0x32 NuttX/nuttx/sched/libsched.a(group_setupstreams.o)
                0x08003a70                group_setupstreams
 .text.nxsem_recover
                0x08003aa2       0x26 NuttX/nuttx/sched/libsched.a(sem_recover.o)
                0x08003aa2                nxsem_recover
 .text.nxsem_wait_irq
                0x08003ac8       0x2e NuttX/nuttx/sched/libsched.a(sem_waitirq.o)
                0x08003ac8                nxsem_wait_irq
 *fill*         0x08003af6        0x2 
 .text.nxsig_initialize
                0x08003af8       0xbc NuttX/nuttx/sched/libsched.a(sig_initialize.o)
                0x08003af8                nxsig_initialize
 .text.nxsig_release_action
                0x08003bb4        0xc NuttX/nuttx/sched/libsched.a(sig_action.o)
                0x08003bb4                nxsig_release_action
 .text.nxsig_pendingset
                0x08003bc0       0x32 NuttX/nuttx/sched/libsched.a(sig_pending.o)
                0x08003bc0                nxsig_pendingset
 .text.nxsig_timeout
                0x08003bf2       0x1e NuttX/nuttx/sched/libsched.a(sig_timedwait.o)
 .text.nxsig_timedwait
                0x08003c10       0xfc NuttX/nuttx/sched/libsched.a(sig_timedwait.o)
                0x08003c10                nxsig_timedwait
 .text.nxsig_find_action
                0x08003d0c       0x22 NuttX/nuttx/sched/libsched.a(sig_findaction.o)
                0x08003d0c                nxsig_find_action
 *fill*         0x08003d2e        0x2 
 .text.nxsig_alloc_pendingsigaction
                0x08003d30       0x48 NuttX/nuttx/sched/libsched.a(sig_allocpendingsigaction.o)
                0x08003d30                nxsig_alloc_pendingsigaction
 .text.nxsig_release_pendingsigaction
                0x08003d78       0x44 NuttX/nuttx/sched/libsched.a(sig_releasependingsigaction.o)
                0x08003d78                nxsig_release_pendingsigaction
 .text.wd_start
                0x08003dbc       0xb8 NuttX/nuttx/sched/libsched.a(wd_start.o)
                0x08003dbc                wd_start
 .text.wd_timer
                0x08003e74       0x48 NuttX/nuttx/sched/libsched.a(wd_start.o)
                0x08003e74                wd_timer
 .text.wd_cancel
                0x08003ebc       0x68 NuttX/nuttx/sched/libsched.a(wd_cancel.o)
                0x08003ebc                wd_cancel
 .text.wd_initialize
                0x08003f24       0x10 NuttX/nuttx/sched/libsched.a(wd_initialize.o)
                0x08003f24                wd_initialize
 .text.up_allocate_heap
                0x08003f34       0x14 NuttX/nuttx/arch/arm/src/libarch.a(stm32_allocateheap.o)
                0x08003f34                up_allocate_heap
 .text.stm32_timerisr
                0x08003f48        0xa NuttX/nuttx/arch/arm/src/libarch.a(stm32_timerisr.o)
 *fill*         0x08003f52        0x2 
 .text.up_timer_initialize
                0x08003f54       0x44 NuttX/nuttx/arch/arm/src/libarch.a(stm32_timerisr.o)
                0x08003f54                up_timer_initialize
 .text.up_idle  0x08003f98        0x2 NuttX/nuttx/arch/arm/src/libarch.a(stm32_idle.o)
                0x08003f98                up_idle
 *fill*         0x08003f9a        0x2 
 .text.up_assert
                0x08003f9c       0x44 NuttX/nuttx/arch/arm/src/libarch.a(arm_assert.o)
                0x08003f9c                up_assert
 .text.up_block_task
                0x08003fe0       0x5c NuttX/nuttx/arch/arm/src/libarch.a(arm_blocktask.o)
                0x08003fe0                up_block_task
 .text.arm_copyfullstate
                0x0800403c       0x18 NuttX/nuttx/arch/arm/src/libarch.a(arm_copyfullstate.o)
                0x0800403c                arm_copyfullstate
 .text.up_create_stack
                0x08004054       0x52 NuttX/nuttx/arch/arm/src/libarch.a(arm_createstack.o)
                0x08004054                up_create_stack
 *fill*         0x080040a6        0x2 
 .text.up_exit  0x080040a8       0x20 NuttX/nuttx/arch/arm/src/libarch.a(arm_exit.o)
                0x080040a8                up_exit
 .text.up_initialize
                0x080040c8       0x20 NuttX/nuttx/arch/arm/src/libarch.a(arm_initialize.o)
                0x080040c8                up_initialize
 .text.up_initial_state
                0x080040e8       0x50 NuttX/nuttx/arch/arm/src/libarch.a(arm_initialstate.o)
                0x080040e8                up_initial_state
 .text.up_interrupt_context
                0x08004138       0x10 NuttX/nuttx/arch/arm/src/libarch.a(arm_interruptcontext.o)
                0x08004138                up_interrupt_context
 .text.up_release_pending
                0x08004148       0x38 NuttX/nuttx/arch/arm/src/libarch.a(arm_releasepending.o)
                0x08004148                up_release_pending
 .text.up_release_stack
                0x08004180       0x1e NuttX/nuttx/arch/arm/src/libarch.a(arm_releasestack.o)
                0x08004180                up_release_stack
 *fill*         0x0800419e        0x2 
 .text.up_schedule_sigaction
                0x080041a0       0x80 NuttX/nuttx/arch/arm/src/libarch.a(arm_schedulesigaction.o)
                0x080041a0                up_schedule_sigaction
 .text.arm_sigdeliver
                0x08004220       0x50 NuttX/nuttx/arch/arm/src/libarch.a(arm_sigdeliver.o)
                0x08004220                arm_sigdeliver
 .text.up_stack_frame
                0x08004270       0x24 NuttX/nuttx/arch/arm/src/libarch.a(arm_stackframe.o)
                0x08004270                up_stack_frame
 .text.up_unblock_task
                0x08004294       0x40 NuttX/nuttx/arch/arm/src/libarch.a(arm_unblocktask.o)
                0x08004294                up_unblock_task
 .text.up_use_stack
                0x080042d4       0x50 NuttX/nuttx/arch/arm/src/libarch.a(arm_usestack.o)
                0x080042d4                up_use_stack
 .text.arm_stack_color
                0x08004324       0x20 NuttX/nuttx/arch/arm/src/libarch.a(arm_checkstack.o)
                0x08004324                arm_stack_color
 .text          0x08004344        0xa NuttX/nuttx/arch/arm/src/libarch.a(arm_fullcontextrestore.o)
                0x08004344                arm_fullcontextrestore
 .text          0x0800434e        0xc NuttX/nuttx/arch/arm/src/libarch.a(arm_switchcontext.o)
                0x0800434e                arm_switchcontext
 .text.lib_stream_initialize
                0x0800435a       0x20 NuttX/nuttx/libs/libc/libc.a(lib_stream.o)
                0x0800435a                lib_stream_initialize
 .text.lib_stream_release
                0x0800437a       0x20 NuttX/nuttx/libs/libc/libc.a(lib_stream.o)
                0x0800437a                lib_stream_release
 .text.sq_addlast
                0x0800439a       0x14 NuttX/nuttx/libs/libc/libc.a(sq_addlast.o)
                0x0800439a                sq_addlast
 .text.sq_addfirst
                0x080043ae        0xe NuttX/nuttx/libs/libc/libc.a(sq_addfirst.o)
                0x080043ae                sq_addfirst
 .text.sq_addafter
                0x080043bc       0x1c NuttX/nuttx/libs/libc/libc.a(sq_addafter.o)
                0x080043bc                sq_addafter
 .text.sq_rem   0x080043d8       0x2c NuttX/nuttx/libs/libc/libc.a(sq_rem.o)
                0x080043d8                sq_rem
 .text.sq_remfirst
                0x08004404       0x14 NuttX/nuttx/libs/libc/libc.a(sq_remfirst.o)
                0x08004404                sq_remfirst
 .text.sq_remafter
                0x08004418       0x20 NuttX/nuttx/libs/libc/libc.a(sq_remafter.o)
                0x08004418                sq_remafter
 .text.dq_addfirst
                0x08004438       0x18 NuttX/nuttx/libs/libc/libc.a(dq_addfirst.o)
                0x08004438                dq_addfirst
 .text.dq_rem   0x08004450       0x1c NuttX/nuttx/libs/libc/libc.a(dq_rem.o)
                0x08004450                dq_rem
 .text.nxtask_startup
                0x0800446c       0x54 NuttX/nuttx/libs/libc/libc.a(task_startup.o)
                0x0800446c                nxtask_startup
 .text.nxsem_get_value
                0x080044c0       0x14 NuttX/nuttx/libs/libc/libc.a(sem_getvalue.o)
                0x080044c0                nxsem_get_value
 .text.nxsem_set_protocol
                0x080044d4       0x16 NuttX/nuttx/libs/libc/libc.a(sem_setprotocol.o)
                0x080044d4                nxsem_set_protocol
 .text.nxsig_addset
                0x080044ea       0x1a NuttX/nuttx/libs/libc/libc.a(sig_addset.o)
                0x080044ea                nxsig_addset
 .text.nxsig_delset
                0x08004504       0x1a NuttX/nuttx/libs/libc/libc.a(sig_delset.o)
                0x08004504                nxsig_delset
 .text.sigemptyset
                0x0800451e        0x8 NuttX/nuttx/libs/libc/libc.a(sig_emptyset.o)
                0x0800451e                sigemptyset
 .text.nxsig_ismember
                0x08004526       0x12 NuttX/nuttx/libs/libc/libc.a(sig_ismember.o)
                0x08004526                nxsig_ismember
 .text.asprintf
                0x08004538       0x1a NuttX/nuttx/libs/libc/libc.a(lib_asprintf.o)
                0x08004538                asprintf
 .text.vasprintf
                0x08004552       0x4a NuttX/nuttx/libs/libc/libc.a(lib_vasprintf.o)
                0x08004552                vasprintf
 .text.memoutstream_putc
                0x0800459c       0x1a NuttX/nuttx/libs/libc/libc.a(lib_memoutstream.o)
 *fill*         0x080045b6        0x2 
 .text.lib_memoutstream
                0x080045b8       0x20 NuttX/nuttx/libs/libc/libc.a(lib_memoutstream.o)
                0x080045b8                lib_memoutstream
 .text.nulloutstream_putc
                0x080045d8        0x8 NuttX/nuttx/libs/libc/libc.a(lib_nulloutstream.o)
 .text.lib_nulloutstream
                0x080045e0       0x18 NuttX/nuttx/libs/libc/libc.a(lib_nulloutstream.o)
                0x080045e0                lib_nulloutstream
 .text.lib_noflush
                0x080045f8        0x4 NuttX/nuttx/libs/libc/libc.a(lib_libnoflush.o)
                0x080045f8                lib_noflush
 .text.lib_vsprintf
                0x080045fc      0x3e4 NuttX/nuttx/libs/libc/libc.a(lib_libvsprintf.o)
                0x080045fc                lib_vsprintf
 .text.__ultoa_invert
                0x080049e0       0x34 NuttX/nuttx/libs/libc/libc.a(lib_ultoa_invert.o)
                0x080049e0                __ultoa_invert
 .text.lib_flushall
                0x08004a14       0x38 NuttX/nuttx/libs/libc/libc.a(lib_libflushall.o)
                0x08004a14                lib_flushall
 .text.lib_fflush
                0x08004a4c        0x4 NuttX/nuttx/libs/libc/libc.a(lib_libfflush.o)
                0x08004a4c                lib_fflush
 .text.memset   0x08004a50       0x10 NuttX/nuttx/libs/libc/libc.a(lib_memset.o)
                0x08004a50                memset
 .text.strlen   0x08004a60       0x10 NuttX/nuttx/libs/libc/libc.a(lib_strlen.o)
                0x08004a60                strlen
 .text.strnlen  0x08004a70       0x18 NuttX/nuttx/libs/libc/libc.a(lib_strnlen.o)
                0x08004a70                strnlen
 .text.stream_semtake
                0x08004a88       0x10 NuttX/nuttx/libs/libc/libc.a(lib_streamsem.o)
                0x08004a88                stream_semtake
 .text.stream_semgive
                0x08004a98        0x4 NuttX/nuttx/libs/libc/libc.a(lib_streamsem.o)
                0x08004a98                stream_semgive
 .text.syslog_flush
                0x08004a9c       0x10 NuttX/nuttx/drivers/libdrivers.a(syslog_flush.o)
                0x08004a9c                syslog_flush
 .text.syslog_initialize
                0x08004aac        0x4 NuttX/nuttx/drivers/libdrivers.a(syslog_initialize.o)
                0x08004aac                syslog_initialize
 .text.fs_initialize
                0x08004ab0        0x4 NuttX/nuttx/fs/libfs.a(fs_initialize.o)
                0x08004ab0                fs_initialize
 .text._files_close
                0x08004ab4       0x2a NuttX/nuttx/fs/libfs.a(fs_files.o)
 .text.files_initialize
                0x08004ade        0x2 NuttX/nuttx/fs/libfs.a(fs_files.o)
                0x08004ade                files_initialize
 .text.files_initlist
                0x08004ae0        0x8 NuttX/nuttx/fs/libfs.a(fs_files.o)
                0x08004ae0                files_initlist
 .text.files_releaselist
                0x08004ae8       0x24 NuttX/nuttx/fs/libfs.a(fs_files.o)
                0x08004ae8                files_releaselist
 .text.file_dup2
                0x08004b0c       0x90 NuttX/nuttx/fs/libfs.a(fs_files.o)
                0x08004b0c                file_dup2
 .text.files_allocate
                0x08004b9c       0x54 NuttX/nuttx/fs/libfs.a(fs_files.o)
                0x08004b9c                files_allocate
 .text.files_close
                0x08004bf0       0x38 NuttX/nuttx/fs/libfs.a(fs_files.o)
                0x08004bf0                files_close
 .text.files_release
                0x08004c28       0x2e NuttX/nuttx/fs/libfs.a(fs_files.o)
                0x08004c28                files_release
 .text.inode_addref
                0x08004c56       0x20 NuttX/nuttx/fs/libfs.a(fs_inodeaddref.o)
                0x08004c56                inode_addref
 .text.inode_release
                0x08004c76       0x3e NuttX/nuttx/fs/libfs.a(fs_inoderelease.o)
                0x08004c76                inode_release
 .text.nx_close
                0x08004cb4        0xe NuttX/nuttx/fs/libfs.a(fs_close.o)
                0x08004cb4                nx_close
 .text.close    0x08004cc2       0x1a NuttX/nuttx/fs/libfs.a(fs_close.o)
                0x08004cc2                close
 .text.fs_dupfd2
                0x08004cdc       0x3e NuttX/nuttx/fs/libfs.a(fs_dupfd2.o)
                0x08004cdc                fs_dupfd2
 .text.fs_getfilep
                0x08004d1a       0x2c NuttX/nuttx/fs/libfs.a(fs_getfilep.o)
                0x08004d1a                fs_getfilep
 .text.inode_checkflags
                0x08004d46       0x28 NuttX/nuttx/fs/libfs.a(fs_open.o)
                0x08004d46                inode_checkflags
 .text.nx_vopen
                0x08004d6e       0x96 NuttX/nuttx/fs/libfs.a(fs_open.o)
                0x08004d6e                nx_vopen
 .text.nx_open  0x08004e04       0x1a NuttX/nuttx/fs/libfs.a(fs_open.o)
                0x08004e04                nx_open
 .text.open     0x08004e1e       0x2c NuttX/nuttx/fs/libfs.a(fs_open.o)
                0x08004e1e                open
 .text.fs_fdopen
                0x08004e4a       0x62 NuttX/nuttx/fs/libfs.a(fs_fdopen.o)
                0x08004e4a                fs_fdopen
 .text.inode_find
                0x08004eac       0x26 NuttX/nuttx/fs/libfs.a(fs_inodefind.o)
                0x08004eac                inode_find
 .text.inode_free
                0x08004ed2       0x1e NuttX/nuttx/fs/libfs.a(fs_inodefree.o)
                0x08004ed2                inode_free
 .text.umm_initialize
                0x08004ef0       0x10 NuttX/nuttx/mm/libmm.a(umm_initialize.o)
                0x08004ef0                umm_initialize
 .text.malloc   0x08004f00        0xc NuttX/nuttx/mm/libmm.a(umm_malloc.o)
                0x08004f00                malloc
 .text.memalign
                0x08004f0c       0x10 NuttX/nuttx/mm/libmm.a(umm_memalign.o)
                0x08004f0c                memalign
 .text.umm_heapmember
                0x08004f1c        0xc NuttX/nuttx/mm/libmm.a(umm_heapmember.o)
                0x08004f1c                umm_heapmember
 .text.mm_addregion
                0x08004f28       0x60 NuttX/nuttx/mm/libmm.a(mm_initialize.o)
                0x08004f28                mm_addregion
 .text.mm_initialize
                0x08004f88       0x44 NuttX/nuttx/mm/libmm.a(mm_initialize.o)
                0x08004f88                mm_initialize
 .text.mm_memalign
                0x08004fcc       0xb4 NuttX/nuttx/mm/libmm.a(mm_memalign.o)
                0x08004fcc                mm_memalign
 .text.mm_heapmember
                0x08005080       0x16 NuttX/nuttx/mm/libmm.a(mm_heapmember.o)
                0x08005080                mm_heapmember
 .text.mm_shrinkchunk
                0x08005096       0x70 NuttX/nuttx/mm/libmm.a(mm_shrinkchunk.o)
                0x08005096                mm_shrinkchunk
 *fill*         0x08005106        0x2 
 .text.nxsched_get_files
                0x08005108       0x10 NuttX/nuttx/sched/libsched.a(sched_getfiles.o)
                0x08005108                nxsched_get_files
 .text.nxsched_add_readytorun
                0x08005118       0x48 NuttX/nuttx/sched/libsched.a(sched_addreadytorun.o)
                0x08005118                nxsched_add_readytorun
 .text.nxsched_remove_readytorun
                0x08005160       0x28 NuttX/nuttx/sched/libsched.a(sched_removereadytorun.o)
                0x08005160                nxsched_remove_readytorun
 .text.nxsched_add_prioritized
                0x08005188       0x48 NuttX/nuttx/sched/libsched.a(sched_addprioritized.o)
                0x08005188                nxsched_add_prioritized
 .text.nxsched_merge_pending
                0x080051d0       0x58 NuttX/nuttx/sched/libsched.a(sched_mergepending.o)
                0x080051d0                nxsched_merge_pending
 .text.nxsched_add_blocked
                0x08005228       0x28 NuttX/nuttx/sched/libsched.a(sched_addblocked.o)
                0x08005228                nxsched_add_blocked
 .text.nxsched_remove_blocked
                0x08005250       0x1c NuttX/nuttx/sched/libsched.a(sched_removeblocked.o)
                0x08005250                nxsched_remove_blocked
 .text.nxsched_self
                0x0800526c        0xc NuttX/nuttx/sched/libsched.a(sched_self.o)
                0x0800526c                nxsched_self
 .text.nxsched_process_timer
                0x08005278       0x18 NuttX/nuttx/sched/libsched.a(sched_processtimer.o)
                0x08005278                nxsched_process_timer
 .text.nxsem_destroy
                0x08005290       0x16 NuttX/nuttx/sched/libsched.a(sem_destroy.o)
                0x08005290                nxsem_destroy
 .text.sem_destroy
                0x080052a6       0x1a NuttX/nuttx/sched/libsched.a(sem_destroy.o)
                0x080052a6                sem_destroy
 .text.nxtask_exit
                0x080052c0       0x4c NuttX/nuttx/sched/libsched.a(task_exit.o)
                0x080052c0                nxtask_exit
 .text.nxtask_terminate
                0x0800530c       0x54 NuttX/nuttx/sched/libsched.a(task_terminate.o)
                0x0800530c                nxtask_terminate
 .text.dq_addlast
                0x08005360       0x18 NuttX/nuttx/libs/libc/libc.a(dq_addlast.o)
                0x08005360                dq_addlast
 .text          0x08005378       0xa0 e:/px4/toolchain/gcc-arm/bin/../lib/gcc/arm-none-eabi/7.3.1/thumb/v7-m\libgcc.a(_aeabi_ldivmod.o)
                0x08005378                __aeabi_ldivmod
 .text          0x08005418       0x30 e:/px4/toolchain/gcc-arm/bin/../lib/gcc/arm-none-eabi/7.3.1/thumb/v7-m\libgcc.a(_aeabi_uldivmod.o)
                0x08005418                __aeabi_uldivmod
 .text          0x08005448      0x2d0 e:/px4/toolchain/gcc-arm/bin/../lib/gcc/arm-none-eabi/7.3.1/thumb/v7-m\libgcc.a(_udivmoddi4.o)
                0x08005448                __udivmoddi4
 .text          0x08005718        0x4 e:/px4/toolchain/gcc-arm/bin/../lib/gcc/arm-none-eabi/7.3.1/thumb/v7-m\libgcc.a(_dvmd_tls.o)
                0x08005718                __aeabi_idiv0
                0x08005718                __aeabi_ldiv0
 .text.atomic_modify_or
                0x0800571c       0x22 src/modules/px4iofirmware/libpx4iofirmware.a(px4io.c.obj)
                0x0800571c                atomic_modify_or
 .text.atomic_modify_clear
                0x0800573e       0x24 src/modules/px4iofirmware/libpx4iofirmware.a(px4io.c.obj)
                0x0800573e                atomic_modify_clear
 *fill*         0x08005762        0x2 
 .text.isr_debug
                0x08005764       0x4c src/modules/px4iofirmware/libpx4iofirmware.a(px4io.c.obj)
                0x08005764                isr_debug
 .text.schedule_reboot
                0x080057b0       0x20 src/modules/px4iofirmware/libpx4iofirmware.a(px4io.c.obj)
                0x080057b0                schedule_reboot
 .text.user_start
                0x080057d0      0x3cc src/modules/px4iofirmware/libpx4iofirmware.a(px4io.c.obj)
                0x080057d0                user_start
 .text.pwm_configure_rates
                0x08005b9c       0x74 src/modules/px4iofirmware/libpx4iofirmware.a(registers.c.obj)
 .text.registers_set
                0x08005c10      0x570 src/modules/px4iofirmware/libpx4iofirmware.a(registers.c.obj)
                0x08005c10                registers_set
 .text.registers_get
                0x08006180      0x1a0 src/modules/px4iofirmware/libpx4iofirmware.a(registers.c.obj)
                0x08006180                registers_get
 .text.safety_check_button
                0x08006320       0xac src/modules/px4iofirmware/libpx4iofirmware.a(safety.c.obj)
 .text.failsafe_blink
                0x080063cc       0x38 src/modules/px4iofirmware/libpx4iofirmware.a(safety.c.obj)
 .text.safety_init
                0x08006404       0x30 src/modules/px4iofirmware/libpx4iofirmware.a(safety.c.obj)
                0x08006404                safety_init
 .text.failsafe_led_init
                0x08006434       0x30 src/modules/px4iofirmware/libpx4iofirmware.a(safety.c.obj)
                0x08006434                failsafe_led_init
 .text.dma_reset
                0x08006464       0x6c src/modules/px4iofirmware/libpx4iofirmware.a(serial.c.obj)
 .text.rx_dma_callback
                0x080064d0      0x114 src/modules/px4iofirmware/libpx4iofirmware.a(serial.c.obj)
 .text.serial_interrupt
                0x080065e4       0x7c src/modules/px4iofirmware/libpx4iofirmware.a(serial.c.obj)
 .text.interface_init
                0x08006660       0x84 src/modules/px4iofirmware/libpx4iofirmware.a(serial.c.obj)
                0x08006660                interface_init
 .text.adc_init
                0x080066e4       0x80 src/modules/px4iofirmware/libpx4iofirmware.a(adc.c.obj)
                0x080066e4                adc_init
 .text.adc_measure
                0x08006764       0x5c src/modules/px4iofirmware/libpx4iofirmware.a(adc.c.obj)
                0x08006764                adc_measure
 .text.controls_init
                0x080067c0       0x74 src/modules/px4iofirmware/libpx4iofirmware.a(controls.c.obj)
                0x080067c0                controls_init
 .text.controls_tick
                0x08006834      0x650 src/modules/px4iofirmware/libpx4iofirmware.a(controls.c.obj)
                0x08006834                controls_tick
 .text._ZL14mixer_callbackjhhRf
                0x08006e84      0x1c4 src/modules/px4iofirmware/libpx4iofirmware.a(mixer.cpp.obj)
 .text._ZL20mixer_mix_threadsafePfPVt.constprop.3
                0x08007048       0x3c src/modules/px4iofirmware/libpx4iofirmware.a(mixer.cpp.obj)
 .text.mixer_handle_text_create_mixer
                0x08007084       0x9c src/modules/px4iofirmware/libpx4iofirmware.a(mixer.cpp.obj)
                0x08007084                mixer_handle_text_create_mixer
 .text.mixer_tick
                0x08007120      0x594 src/modules/px4iofirmware/libpx4iofirmware.a(mixer.cpp.obj)
                0x08007120                mixer_tick
 .text.mixer_set_failsafe
                0x080076b4      0x110 src/modules/px4iofirmware/libpx4iofirmware.a(mixer.cpp.obj)
                0x080076b4                mixer_set_failsafe
 .text._ZN4ListIP5MixerE5clearEv
                0x080077c4       0x18 src/modules/px4iofirmware/libpx4iofirmware.a(mixer.cpp.obj)
                0x080077c4                List<Mixer*>::clear()
 .text.mixer_handle_text
                0x080077dc      0x100 src/modules/px4iofirmware/libpx4iofirmware.a(mixer.cpp.obj)
                0x080077dc                mixer_handle_text
 .text._ZN10MixerGroupD2Ev
                0x080078dc        0xc src/modules/px4iofirmware/libpx4iofirmware.a(mixer.cpp.obj)
                0x080078dc                MixerGroup::~MixerGroup()
                0x080078dc                MixerGroup::~MixerGroup()
 .text.startup._GLOBAL__sub_I_mixer_tick
                0x080078e8       0x18 src/modules/px4iofirmware/libpx4iofirmware.a(mixer.cpp.obj)
 .text.up_pwm_servo_set
                0x08007900        0x4 platforms/nuttx/src/px4/stm/stm32f1/io_pins/libarch_io_pins.a(pwm_servo.c.obj)
                0x08007900                up_pwm_servo_set
 .text.up_pwm_servo_init
                0x08007904       0x74 platforms/nuttx/src/px4/stm/stm32f1/io_pins/libarch_io_pins.a(pwm_servo.c.obj)
                0x08007904                up_pwm_servo_init
 .text.up_pwm_servo_set_rate_group_update
                0x08007978       0x30 platforms/nuttx/src/px4/stm/stm32f1/io_pins/libarch_io_pins.a(pwm_servo.c.obj)
                0x08007978                up_pwm_servo_set_rate_group_update
 .text.up_pwm_update
                0x080079a8        0x4 platforms/nuttx/src/px4/stm/stm32f1/io_pins/libarch_io_pins.a(pwm_servo.c.obj)
                0x080079a8                up_pwm_update
 .text.up_pwm_servo_get_rate_group
                0x080079ac       0x20 platforms/nuttx/src/px4/stm/stm32f1/io_pins/libarch_io_pins.a(pwm_servo.c.obj)
                0x080079ac                up_pwm_servo_get_rate_group
 .text.up_pwm_servo_arm
                0x080079cc       0x1a platforms/nuttx/src/px4/stm/stm32f1/io_pins/libarch_io_pins.a(pwm_servo.c.obj)
                0x080079cc                up_pwm_servo_arm
 .text.io_timer_handler0
                0x080079e6        0x4 platforms/nuttx/src/px4/stm/stm32f1/io_pins/libarch_io_pins.a(io_timer.c.obj)
 *fill*         0x080079ea        0x2 
 .text.reallocate_channel_resources
                0x080079ec       0x30 platforms/nuttx/src/px4/stm/stm32f1/io_pins/libarch_io_pins.a(io_timer.c.obj)
 .text.io_timer_handler6
                0x08007a1c        0x4 platforms/nuttx/src/px4/stm/stm32f1/io_pins/libarch_io_pins.a(io_timer.c.obj)
 .text.io_timer_handler7
                0x08007a20        0x4 platforms/nuttx/src/px4/stm/stm32f1/io_pins/libarch_io_pins.a(io_timer.c.obj)
 .text.io_timer_handler1
                0x08007a24        0x4 platforms/nuttx/src/px4/stm/stm32f1/io_pins/libarch_io_pins.a(io_timer.c.obj)
 .text.io_timer_handler2
                0x08007a28        0x4 platforms/nuttx/src/px4/stm/stm32f1/io_pins/libarch_io_pins.a(io_timer.c.obj)
 .text.io_timer_handler3
                0x08007a2c        0x4 platforms/nuttx/src/px4/stm/stm32f1/io_pins/libarch_io_pins.a(io_timer.c.obj)
 .text.io_timer_handler4
                0x08007a30        0x4 platforms/nuttx/src/px4/stm/stm32f1/io_pins/libarch_io_pins.a(io_timer.c.obj)
 .text.io_timer_handler5
                0x08007a34        0x4 platforms/nuttx/src/px4/stm/stm32f1/io_pins/libarch_io_pins.a(io_timer.c.obj)
 .text.get_timer_channels
                0x08007a38       0x54 platforms/nuttx/src/px4/stm/stm32f1/io_pins/libarch_io_pins.a(io_timer.c.obj)
 .text.io_timer_validate_channel_index
                0x08007a8c       0x3c platforms/nuttx/src/px4/stm/stm32f1/io_pins/libarch_io_pins.a(io_timer.c.obj)
                0x08007a8c                io_timer_validate_channel_index
 .text.io_timer_is_channel_free
                0x08007ac8       0x20 platforms/nuttx/src/px4/stm/stm32f1/io_pins/libarch_io_pins.a(io_timer.c.obj)
                0x08007ac8                io_timer_is_channel_free
 .text.io_timer_get_mode_channels
                0x08007ae8       0x14 platforms/nuttx/src/px4/stm/stm32f1/io_pins/libarch_io_pins.a(io_timer.c.obj)
                0x08007ae8                io_timer_get_mode_channels
 .text.io_timer_get_channel_mode
                0x08007afc       0x24 platforms/nuttx/src/px4/stm/stm32f1/io_pins/libarch_io_pins.a(io_timer.c.obj)
                0x08007afc                io_timer_get_channel_mode
 .text.io_timer_trigger
                0x08007b20       0x80 platforms/nuttx/src/px4/stm/stm32f1/io_pins/libarch_io_pins.a(io_timer.c.obj)
                0x08007b20                io_timer_trigger
 .text.io_timer_init_timer
                0x08007ba0      0x114 platforms/nuttx/src/px4/stm/stm32f1/io_pins/libarch_io_pins.a(io_timer.c.obj)
                0x08007ba0                io_timer_init_timer
 .text.io_timer_set_rate
                0x08007cb4       0xb0 platforms/nuttx/src/px4/stm/stm32f1/io_pins/libarch_io_pins.a(io_timer.c.obj)
                0x08007cb4                io_timer_set_rate
 .text.io_timer_channel_init
                0x08007d64      0x114 platforms/nuttx/src/px4/stm/stm32f1/io_pins/libarch_io_pins.a(io_timer.c.obj)
                0x08007d64                io_timer_channel_init
 .text.io_timer_set_enable
                0x08007e78      0x1ac platforms/nuttx/src/px4/stm/stm32f1/io_pins/libarch_io_pins.a(io_timer.c.obj)
                0x08007e78                io_timer_set_enable
 .text.io_timer_free_channel
                0x08008024       0x54 platforms/nuttx/src/px4/stm/stm32f1/io_pins/libarch_io_pins.a(io_timer.c.obj)
                0x08008024                io_timer_free_channel
 .text.io_timer_set_ccr
                0x08008078       0x44 platforms/nuttx/src/px4/stm/stm32f1/io_pins/libarch_io_pins.a(io_timer.c.obj)
                0x08008078                io_timer_set_ccr
 .text.io_timer_get_group
                0x080080bc        0x4 platforms/nuttx/src/px4/stm/stm32f1/io_pins/libarch_io_pins.a(io_timer.c.obj)
                0x080080bc                io_timer_get_group
 .text.up_systemreset
                0x080080c0       0x1c NuttX/nuttx/arch/arm/src/libarch.a(arm_systemreset.o)
                0x080080c0                up_systemreset
 .text.up_udelay
                0x080080dc       0x72 NuttX/nuttx/arch/arm/src/libarch.a(arm_udelay.o)
                0x080080dc                up_udelay
 .text.stm32_boardinitialize
                0x0800814e      0x154 boards/px4/io-v2/src/libdrivers_board.a(init.c.obj)
                0x0800814e                stm32_boardinitialize
 *fill*         0x080082a2        0x2 
 .text.hrt_absolute_time
                0x080082a4       0x50 platforms/nuttx/src/px4/stm/stm32f1/hrt/libarch_hrt.a(hrt.c.obj)
                0x080082a4                hrt_absolute_time
 .text.hrt_call_reschedule
                0x080082f4       0x60 platforms/nuttx/src/px4/stm/stm32f1/hrt/libarch_hrt.a(hrt.c.obj)
 .text.hrt_call_enter
                0x08008354       0x4c platforms/nuttx/src/px4/stm/stm32f1/hrt/libarch_hrt.a(hrt.c.obj)
 .text.hrt_call_internal
                0x080083a0       0x4c platforms/nuttx/src/px4/stm/stm32f1/hrt/libarch_hrt.a(hrt.c.obj)
 .text.hrt_tim_isr
                0x080083ec      0x1f0 platforms/nuttx/src/px4/stm/stm32f1/hrt/libarch_hrt.a(hrt.c.obj)
 .text.hrt_elapsed_time_atomic
                0x080085dc       0x28 platforms/nuttx/src/px4/stm/stm32f1/hrt/libarch_hrt.a(hrt.c.obj)
                0x080085dc                hrt_elapsed_time_atomic
 .text.hrt_init
                0x08008604       0x84 platforms/nuttx/src/px4/stm/stm32f1/hrt/libarch_hrt.a(hrt.c.obj)
                0x08008604                hrt_init
 .text.hrt_call_every
                0x08008688       0x2e platforms/nuttx/src/px4/stm/stm32f1/hrt/libarch_hrt.a(hrt.c.obj)
                0x08008688                hrt_call_every
 .text._ZN10MixerGroup13load_from_bufEPFijhhRfEjPKcRj
                0x080086b6       0xa6 src/lib/mixer/libmixer.a(MixerGroup.cpp.obj)
                0x080086b6                MixerGroup::load_from_buf(int (*)(unsigned int, unsigned char, unsigned char, float&), unsigned int, char const*, unsigned int&)
 .text._ZN4ListIP5MixerE8IteratorppEv
                0x0800875c        0xa src/lib/mixer/libmixer.a(MixerGroup.cpp.obj)
                0x0800875c                List<Mixer*>::Iterator::operator++()
 .text._ZN10MixerGroup3mixEPfj
                0x08008766       0x34 src/lib/mixer/libmixer.a(MixerGroup.cpp.obj)
                0x08008766                MixerGroup::mix(float*, unsigned int)
 *fill*         0x0800879a        0x2 
 .text._ZN10MixerGroup9set_trimsEPsj
                0x0800879c       0x78 src/lib/mixer/libmixer.a(MixerGroup.cpp.obj)
                0x0800879c                MixerGroup::set_trims(short*, unsigned int)
 .text._ZN10MixerGroup17set_thrust_factorEf
                0x08008814       0x24 src/lib/mixer/libmixer.a(MixerGroup.cpp.obj)
                0x08008814                MixerGroup::set_thrust_factor(float)
 .text._ZN10MixerGroup11set_airmodeEN5Mixer7AirmodeE
                0x08008838       0x24 src/lib/mixer/libmixer.a(MixerGroup.cpp.obj)
                0x08008838                MixerGroup::set_airmode(Mixer::Airmode)
 .text._ZN10MixerGroup21get_saturation_statusEv
                0x0800885c       0x28 src/lib/mixer/libmixer.a(MixerGroup.cpp.obj)
                0x0800885c                MixerGroup::get_saturation_status()
 .text._ZN10MixerGroup22set_max_delta_out_onceEf
                0x08008884       0x24 src/lib/mixer/libmixer.a(MixerGroup.cpp.obj)
                0x08008884                MixerGroup::set_max_delta_out_once(float)
 .text._ZN10MixerGroup11set_dt_onceEf
                0x080088a8       0x24 src/lib/mixer/libmixer.a(MixerGroup.cpp.obj)
                0x080088a8                MixerGroup::set_dt_once(float)
 .text._ZN5Mixer21get_saturation_statusEv
                0x080088cc        0x4 src/lib/mixer/AllocatedActuatorMixer/libAllocatedActuatorMixer.a(AllocatedActuatorMixer.cpp.obj)
                0x080088cc                Mixer::get_saturation_status()
 .text._ZN5Mixer22set_max_delta_out_onceEf
                0x080088d0        0x2 src/lib/mixer/AllocatedActuatorMixer/libAllocatedActuatorMixer.a(AllocatedActuatorMixer.cpp.obj)
                0x080088d0                Mixer::set_max_delta_out_once(float)
 .text._ZN5Mixer17set_thrust_factorEf
                0x080088d2        0x2 src/lib/mixer/AllocatedActuatorMixer/libAllocatedActuatorMixer.a(AllocatedActuatorMixer.cpp.obj)
                0x080088d2                Mixer::set_thrust_factor(float)
 .text._ZN5Mixer11set_airmodeENS_7AirmodeE
                0x080088d4        0x2 src/lib/mixer/AllocatedActuatorMixer/libAllocatedActuatorMixer.a(AllocatedActuatorMixer.cpp.obj)
                0x080088d4                Mixer::set_airmode(Mixer::Airmode)
 .text._ZN5Mixer20get_multirotor_countEv
                0x080088d6        0x4 src/lib/mixer/AllocatedActuatorMixer/libAllocatedActuatorMixer.a(AllocatedActuatorMixer.cpp.obj)
                0x080088d6                Mixer::get_multirotor_count()
 .text._ZN5Mixer11set_dt_onceEf
                0x080088da        0x2 src/lib/mixer/AllocatedActuatorMixer/libAllocatedActuatorMixer.a(AllocatedActuatorMixer.cpp.obj)
                0x080088da                Mixer::set_dt_once(float)
 .text._ZN22AllocatedActuatorMixer8set_trimEf
                0x080088dc        0x4 src/lib/mixer/AllocatedActuatorMixer/libAllocatedActuatorMixer.a(AllocatedActuatorMixer.cpp.obj)
                0x080088dc                AllocatedActuatorMixer::set_trim(float)
 .text._ZN22AllocatedActuatorMixer8get_trimEPf
                0x080088e0        0x8 src/lib/mixer/AllocatedActuatorMixer/libAllocatedActuatorMixer.a(AllocatedActuatorMixer.cpp.obj)
                0x080088e0                AllocatedActuatorMixer::get_trim(float*)
 .text._ZN22AllocatedActuatorMixer3mixEPfj
                0x080088e8       0x16 src/lib/mixer/AllocatedActuatorMixer/libAllocatedActuatorMixer.a(AllocatedActuatorMixer.cpp.obj)
                0x080088e8                AllocatedActuatorMixer::mix(float*, unsigned int)
 .text._ZN22AllocatedActuatorMixer15groups_requiredERj
                0x080088fe       0x10 src/lib/mixer/AllocatedActuatorMixer/libAllocatedActuatorMixer.a(AllocatedActuatorMixer.cpp.obj)
                0x080088fe                AllocatedActuatorMixer::groups_required(unsigned int&)
 .text._ZN22AllocatedActuatorMixerD2Ev
                0x0800890e        0x2 src/lib/mixer/AllocatedActuatorMixer/libAllocatedActuatorMixer.a(AllocatedActuatorMixer.cpp.obj)
                0x0800890e                AllocatedActuatorMixer::~AllocatedActuatorMixer()
                0x0800890e                AllocatedActuatorMixer::~AllocatedActuatorMixer()
 .text._ZN22AllocatedActuatorMixerD0Ev
                0x08008910        0xc src/lib/mixer/AllocatedActuatorMixer/libAllocatedActuatorMixer.a(AllocatedActuatorMixer.cpp.obj)
                0x08008910                AllocatedActuatorMixer::~AllocatedActuatorMixer()
 .text._ZN22AllocatedActuatorMixerC2EPFijhhRfEjh
                0x0800891c       0x3c src/lib/mixer/AllocatedActuatorMixer/libAllocatedActuatorMixer.a(AllocatedActuatorMixer.cpp.obj)
                0x0800891c                AllocatedActuatorMixer::AllocatedActuatorMixer(int (*)(unsigned int, unsigned char, unsigned char, float&), unsigned int, unsigned char)
                0x0800891c                AllocatedActuatorMixer::AllocatedActuatorMixer(int (*)(unsigned int, unsigned char, unsigned char, float&), unsigned int, unsigned char)
 .text._ZN22AllocatedActuatorMixer5parseEPKcRjRh
                0x08008958       0x60 src/lib/mixer/AllocatedActuatorMixer/libAllocatedActuatorMixer.a(AllocatedActuatorMixer.cpp.obj)
                0x08008958                AllocatedActuatorMixer::parse(char const*, unsigned int&, unsigned char&)
 .text._ZN22AllocatedActuatorMixer9from_textEPFijhhRfEjPKcRj
                0x080089b8       0x34 src/lib/mixer/AllocatedActuatorMixer/libAllocatedActuatorMixer.a(AllocatedActuatorMixer.cpp.obj)
                0x080089b8                AllocatedActuatorMixer::from_text(int (*)(unsigned int, unsigned char, unsigned char, float&), unsigned int, char const*, unsigned int&)
 .text._ZN15HelicopterMixer15groups_requiredERj
                0x080089ec        0xa src/lib/mixer/HelicopterMixer/libHelicopterMixer.a(HelicopterMixer.cpp.obj)
                0x080089ec                HelicopterMixer::groups_required(unsigned int&)
 .text._ZN15HelicopterMixer8set_trimEf
                0x080089f6        0x4 src/lib/mixer/HelicopterMixer/libHelicopterMixer.a(HelicopterMixer.cpp.obj)
                0x080089f6                HelicopterMixer::set_trim(float)
 .text._ZN15HelicopterMixer8get_trimEPf
                0x080089fa        0x4 src/lib/mixer/HelicopterMixer/libHelicopterMixer.a(HelicopterMixer.cpp.obj)
                0x080089fa                HelicopterMixer::get_trim(float*)
 .text._ZN15HelicopterMixerD2Ev
                0x080089fe        0x2 src/lib/mixer/HelicopterMixer/libHelicopterMixer.a(HelicopterMixer.cpp.obj)
                0x080089fe                HelicopterMixer::~HelicopterMixer()
                0x080089fe                HelicopterMixer::~HelicopterMixer()
 .text._ZN15HelicopterMixerD0Ev
                0x08008a00        0xc src/lib/mixer/HelicopterMixer/libHelicopterMixer.a(HelicopterMixer.cpp.obj)
                0x08008a00                HelicopterMixer::~HelicopterMixer()
 .text._ZN15HelicopterMixer3mixEPfj
                0x08008a0c      0x1f4 src/lib/mixer/HelicopterMixer/libHelicopterMixer.a(HelicopterMixer.cpp.obj)
                0x08008a0c                HelicopterMixer::mix(float*, unsigned int)
 .text._ZN15HelicopterMixer9from_textEPFijhhRfEjPKcRj
                0x08008c00      0x238 src/lib/mixer/HelicopterMixer/libHelicopterMixer.a(HelicopterMixer.cpp.obj)
                0x08008c00                HelicopterMixer::from_text(int (*)(unsigned int, unsigned char, unsigned char, float&), unsigned int, char const*, unsigned int&)
 .text._ZN15MultirotorMixer21get_saturation_statusEv
                0x08008e38        0x4 src/lib/mixer/MultirotorMixer/libMultirotorMixer.a(MultirotorMixer.cpp.obj)
                0x08008e38                MultirotorMixer::get_saturation_status()
 .text._ZN15MultirotorMixer15groups_requiredERj
                0x08008e3c        0xa src/lib/mixer/MultirotorMixer/libMultirotorMixer.a(MultirotorMixer.cpp.obj)
                0x08008e3c                MultirotorMixer::groups_required(unsigned int&)
 .text._ZN15MultirotorMixer22set_max_delta_out_onceEf
                0x08008e46        0x4 src/lib/mixer/MultirotorMixer/libMultirotorMixer.a(MultirotorMixer.cpp.obj)
                0x08008e46                MultirotorMixer::set_max_delta_out_once(float)
 .text._ZN15MultirotorMixer8set_trimEf
                0x08008e4a        0x4 src/lib/mixer/MultirotorMixer/libMultirotorMixer.a(MultirotorMixer.cpp.obj)
                0x08008e4a                MultirotorMixer::set_trim(float)
 .text._ZN15MultirotorMixer8get_trimEPf
                0x08008e4e        0x4 src/lib/mixer/MultirotorMixer/libMultirotorMixer.a(MultirotorMixer.cpp.obj)
                0x08008e4e                MultirotorMixer::get_trim(float*)
 .text._ZN15MultirotorMixer17set_thrust_factorEf
                0x08008e52       0x34 src/lib/mixer/MultirotorMixer/libMultirotorMixer.a(MultirotorMixer.cpp.obj)
                0x08008e52                MultirotorMixer::set_thrust_factor(float)
 .text._ZN15MultirotorMixer11set_airmodeEN5Mixer7AirmodeE
                0x08008e86        0x4 src/lib/mixer/MultirotorMixer/libMultirotorMixer.a(MultirotorMixer.cpp.obj)
                0x08008e86                MultirotorMixer::set_airmode(Mixer::Airmode)
 .text._ZN15MultirotorMixer20get_multirotor_countEv
                0x08008e8a        0x4 src/lib/mixer/MultirotorMixer/libMultirotorMixer.a(MultirotorMixer.cpp.obj)
                0x08008e8a                MultirotorMixer::get_multirotor_count()
 *fill*         0x08008e8e        0x2 
 .text._ZN15MultirotorMixerD2Ev
                0x08008e90       0x20 src/lib/mixer/MultirotorMixer/libMultirotorMixer.a(MultirotorMixer.cpp.obj)
                0x08008e90                MultirotorMixer::~MultirotorMixer()
                0x08008e90                MultirotorMixer::~MultirotorMixer()
 .text._ZN15MultirotorMixerD0Ev
                0x08008eb0       0x12 src/lib/mixer/MultirotorMixer/libMultirotorMixer.a(MultirotorMixer.cpp.obj)
                0x08008eb0                MultirotorMixer::~MultirotorMixer()
 *fill*         0x08008ec2        0x2 
 .text._ZN15MultirotorMixerC2EPFijhhRfEjPKNS_5RotorEj
                0x08008ec4       0x68 src/lib/mixer/MultirotorMixer/libMultirotorMixer.a(MultirotorMixer.cpp.obj)
                0x08008ec4                MultirotorMixer::MultirotorMixer(int (*)(unsigned int, unsigned char, unsigned char, float&), unsigned int, MultirotorMixer::Rotor const*, unsigned int)
                0x08008ec4                MultirotorMixer::MultirotorMixer(int (*)(unsigned int, unsigned char, unsigned char, float&), unsigned int, MultirotorMixer::Rotor const*, unsigned int)
 .text._ZN15MultirotorMixerC2EPFijhhRfEj18MultirotorGeometry
                0x08008f2c       0x24 src/lib/mixer/MultirotorMixer/libMultirotorMixer.a(MultirotorMixer.cpp.obj)
                0x08008f2c                MultirotorMixer::MultirotorMixer(int (*)(unsigned int, unsigned char, unsigned char, float&), unsigned int, MultirotorGeometry)
                0x08008f2c                MultirotorMixer::MultirotorMixer(int (*)(unsigned int, unsigned char, unsigned char, float&), unsigned int, MultirotorGeometry)
 .text._ZN15MultirotorMixer9from_textEPFijhhRfEjPKcRj
                0x08008f50       0x78 src/lib/mixer/MultirotorMixer/libMultirotorMixer.a(MultirotorMixer.cpp.obj)
                0x08008f50                MultirotorMixer::from_text(int (*)(unsigned int, unsigned char, unsigned char, float&), unsigned int, char const*, unsigned int&)
 .text._ZNK15MultirotorMixer25compute_desaturation_gainEPKfS1_RNS_17saturation_statusEff
                0x08008fc8       0xc2 src/lib/mixer/MultirotorMixer/libMultirotorMixer.a(MultirotorMixer.cpp.obj)
                0x08008fc8                MultirotorMixer::compute_desaturation_gain(float const*, float const*, MultirotorMixer::saturation_status&, float, float) const
 .text._ZNK15MultirotorMixer19minimize_saturationEPKfPfRNS_17saturation_statusEffb
                0x0800908a       0x9c src/lib/mixer/MultirotorMixer/libMultirotorMixer.a(MultirotorMixer.cpp.obj)
                0x0800908a                MultirotorMixer::minimize_saturation(float const*, float*, MultirotorMixer::saturation_status&, float, float, bool) const
 *fill*         0x08009126        0x2 
 .text._ZN15MultirotorMixer7mix_yawEfPf
                0x08009128       0x94 src/lib/mixer/MultirotorMixer/libMultirotorMixer.a(MultirotorMixer.cpp.obj)
                0x08009128                MultirotorMixer::mix_yaw(float, float*)
 .text._ZN15MultirotorMixer24update_saturation_statusEjbbb
                0x080091bc      0x14c src/lib/mixer/MultirotorMixer/libMultirotorMixer.a(MultirotorMixer.cpp.obj)
                0x080091bc                MultirotorMixer::update_saturation_status(unsigned int, bool, bool, bool)
 .text._ZN15MultirotorMixer3mixEPfj
                0x08009308      0x4c4 src/lib/mixer/MultirotorMixer/libMultirotorMixer.a(MultirotorMixer.cpp.obj)
                0x08009308                MultirotorMixer::mix(float*, unsigned int)
 .text._ZN5Mixer15groups_requiredERj
                0x080097cc        0x2 src/lib/mixer/NullMixer/libNullMixer.a(NullMixer.cpp.obj)
                0x080097cc                Mixer::groups_required(unsigned int&)
 .text._ZN9NullMixer8set_trimEf
                0x080097ce        0x4 src/lib/mixer/NullMixer/libNullMixer.a(NullMixer.cpp.obj)
                0x080097ce                NullMixer::set_trim(float)
 .text._ZN9NullMixer8get_trimEPf
                0x080097d2        0x4 src/lib/mixer/NullMixer/libNullMixer.a(NullMixer.cpp.obj)
                0x080097d2                NullMixer::get_trim(float*)
 *fill*         0x080097d6        0x2 
 .text._ZN9NullMixer3mixEPfj
                0x080097d8       0x10 src/lib/mixer/NullMixer/libNullMixer.a(NullMixer.cpp.obj)
                0x080097d8                NullMixer::mix(float*, unsigned int)
 .text._ZN9NullMixerD2Ev
                0x080097e8        0x2 src/lib/mixer/NullMixer/libNullMixer.a(NullMixer.cpp.obj)
                0x080097e8                NullMixer::~NullMixer()
                0x080097e8                NullMixer::~NullMixer()
 .text._ZN9NullMixerD0Ev
                0x080097ea        0xc src/lib/mixer/NullMixer/libNullMixer.a(NullMixer.cpp.obj)
                0x080097ea                NullMixer::~NullMixer()
 *fill*         0x080097f6        0x2 
 .text._ZN9NullMixer9from_textEPKcRj
                0x080097f8       0x44 src/lib/mixer/NullMixer/libNullMixer.a(NullMixer.cpp.obj)
                0x080097f8                NullMixer::from_text(char const*, unsigned int&)
 .text._ZN11SimpleMixer8set_trimEf
                0x0800983c        0x8 src/lib/mixer/SimpleMixer/libSimpleMixer.a(SimpleMixer.cpp.obj)
                0x0800983c                SimpleMixer::set_trim(float)
 .text._ZN11SimpleMixer8get_trimEPf
                0x08009844        0xa src/lib/mixer/SimpleMixer/libSimpleMixer.a(SimpleMixer.cpp.obj)
                0x08009844                SimpleMixer::get_trim(float*)
 .text._ZN11SimpleMixer11set_dt_onceEf
                0x0800984e        0x4 src/lib/mixer/SimpleMixer/libSimpleMixer.a(SimpleMixer.cpp.obj)
                0x0800984e                SimpleMixer::set_dt_once(float)
 .text._ZN11SimpleMixer15groups_requiredERj
                0x08009852       0x26 src/lib/mixer/SimpleMixer/libSimpleMixer.a(SimpleMixer.cpp.obj)
                0x08009852                SimpleMixer::groups_required(unsigned int&)
 .text._ZN11SimpleMixerD2Ev
                0x08009878       0x18 src/lib/mixer/SimpleMixer/libSimpleMixer.a(SimpleMixer.cpp.obj)
                0x08009878                SimpleMixer::~SimpleMixer()
                0x08009878                SimpleMixer::~SimpleMixer()
 .text._ZN11SimpleMixerD0Ev
                0x08009890       0x12 src/lib/mixer/SimpleMixer/libSimpleMixer.a(SimpleMixer.cpp.obj)
                0x08009890                SimpleMixer::~SimpleMixer()
 *fill*         0x080098a2        0x2 
 .text._ZN11SimpleMixer19parse_output_scalerEPKcRjR14mixer_scaler_sRf
                0x080098a4       0xc0 src/lib/mixer/SimpleMixer/libSimpleMixer.a(SimpleMixer.cpp.obj)
                0x080098a4                SimpleMixer::parse_output_scaler(char const*, unsigned int&, mixer_scaler_s&, float&)
 .text._ZN11SimpleMixer20parse_control_scalerEPKcRjR14mixer_scaler_sRhS5_
                0x08009964       0xac src/lib/mixer/SimpleMixer/libSimpleMixer.a(SimpleMixer.cpp.obj)
                0x08009964                SimpleMixer::parse_control_scaler(char const*, unsigned int&, mixer_scaler_s&, unsigned char&, unsigned char&)
 .text._ZN11SimpleMixer9from_textEPFijhhRfEjPKcRj
                0x08009a10       0xf4 src/lib/mixer/SimpleMixer/libSimpleMixer.a(SimpleMixer.cpp.obj)
                0x08009a10                SimpleMixer::from_text(int (*)(unsigned int, unsigned char, unsigned char, float&), unsigned int, char const*, unsigned int&)
 .text._ZN11SimpleMixer5scaleERK14mixer_scaler_sf
                0x08009b04       0x52 src/lib/mixer/SimpleMixer/libSimpleMixer.a(SimpleMixer.cpp.obj)
                0x08009b04                SimpleMixer::scale(mixer_scaler_s const&, float)
 .text._ZN11SimpleMixer3mixEPfj
                0x08009b56       0xe0 src/lib/mixer/SimpleMixer/libSimpleMixer.a(SimpleMixer.cpp.obj)
                0x08009b56                SimpleMixer::mix(float*, unsigned int)
 .text._ZN5Mixer11get_controlEhh
                0x08009c36       0x10 src/lib/mixer/MixerBase/libMixerBase.a(Mixer.cpp.obj)
                0x08009c36                Mixer::get_control(unsigned char, unsigned char)
 .text._ZN5Mixer7findtagEPKcRjc
                0x08009c46       0x24 src/lib/mixer/MixerBase/libMixerBase.a(Mixer.cpp.obj)
                0x08009c46                Mixer::findtag(char const*, unsigned int&, char)
 .text._ZN5Mixer11findnexttagEPKcj
                0x08009c6a       0x22 src/lib/mixer/MixerBase/libMixerBase.a(Mixer.cpp.obj)
                0x08009c6a                Mixer::findnexttag(char const*, unsigned int)
 .text._ZN5Mixer8skiplineEPKcRj
                0x08009c8c       0x2a src/lib/mixer/MixerBase/libMixerBase.a(Mixer.cpp.obj)
                0x08009c8c                Mixer::skipline(char const*, unsigned int&)
 .text._ZN5Mixer18string_well_formedEPKcRj
                0x08009cb6       0x1e src/lib/mixer/MixerBase/libMixerBase.a(Mixer.cpp.obj)
                0x08009cb6                Mixer::string_well_formed(char const*, unsigned int&)
 .text.st24_common_crc8
                0x08009cd4       0x38 src/lib/rc/librc.a(st24.cpp.obj)
                0x08009cd4                st24_common_crc8
 .text.st24_decode
                0x08009d0c      0x218 src/lib/rc/librc.a(st24.cpp.obj)
                0x08009d0c                st24_decode
 .text.sumd_crc16
                0x08009f24       0x1e src/lib/rc/librc.a(sumd.cpp.obj)
                0x08009f24                sumd_crc16
 *fill*         0x08009f42        0x2 
 .text.sumd_decode
                0x08009f44      0x3a4 src/lib/rc/librc.a(sumd.cpp.obj)
                0x08009f44                sumd_decode
 .text.sbus_config
                0x0800a2e8       0x6c src/lib/rc/librc.a(sbus.cpp.obj)
                0x0800a2e8                sbus_config
 .text.sbus_init
                0x0800a354       0x1e src/lib/rc/librc.a(sbus.cpp.obj)
                0x0800a354                sbus_init
 *fill*         0x0800a372        0x2 
 .text.sbus1_output
                0x0800a374      0x100 src/lib/rc/librc.a(sbus.cpp.obj)
                0x0800a374                sbus1_output
 .text.sbus2_output
                0x0800a474        0x4 src/lib/rc/librc.a(sbus.cpp.obj)
                0x0800a474                sbus2_output
 .text.sbus_parse
                0x0800a478      0x260 src/lib/rc/librc.a(sbus.cpp.obj)
                0x0800a478                sbus_parse
 .text.sbus_input
                0x0800a6d8       0x98 src/lib/rc/librc.a(sbus.cpp.obj)
                0x0800a6d8                sbus_input
 .text.sbus1_set_output_rate_hz
                0x0800a770       0x24 src/lib/rc/librc.a(sbus.cpp.obj)
                0x0800a770                sbus1_set_output_rate_hz
 .text._ZL18dsm_decode_channeltjRhRt
                0x0800a794       0x90 src/lib/rc/librc.a(dsm.cpp.obj)
 .text._ZL16dsm_guess_formatb.constprop.4
                0x0800a824       0x24 src/lib/rc/librc.a(dsm.cpp.obj)
 .text.dsm_config
                0x0800a848       0x60 src/lib/rc/librc.a(dsm.cpp.obj)
                0x0800a848                dsm_config
 .text.dsm_proto_init
                0x0800a8a8       0x38 src/lib/rc/librc.a(dsm.cpp.obj)
                0x0800a8a8                dsm_proto_init
 .text.dsm_init
                0x0800a8e0       0x2c src/lib/rc/librc.a(dsm.cpp.obj)
                0x0800a8e0                dsm_init
 .text.dsm_bind
                0x0800a90c       0x7c src/lib/rc/librc.a(dsm.cpp.obj)
                0x0800a90c                dsm_bind
 .text._ZNK3px46BitsetILj18EEixEj
                0x0800a988       0x18 src/lib/rc/librc.a(dsm.cpp.obj)
                0x0800a988                px4::Bitset<18u>::operator[](unsigned int) const
 .text._Z10dsm_decodeyPtS_PbjPa
                0x0800a9a0      0x2f4 src/lib/rc/librc.a(dsm.cpp.obj)
                0x0800a9a0                dsm_decode(unsigned long long, unsigned short*, unsigned short*, bool*, unsigned int, signed char*)
 .text.dsm_parse
                0x0800ac94      0x134 src/lib/rc/librc.a(dsm.cpp.obj)
                0x0800ac94                dsm_parse
 .text.dsm_input
                0x0800adc8       0x60 src/lib/rc/librc.a(dsm.cpp.obj)
                0x0800adc8                dsm_input
 .text.output_limit_init
                0x0800ae28       0x12 src/lib/output_limit/liboutput_limit.a(output_limit.cpp.obj)
                0x0800ae28                output_limit_init
 *fill*         0x0800ae3a        0x2 
 .text.output_limit_calc
                0x0800ae3c      0x250 src/lib/output_limit/liboutput_limit.a(output_limit.cpp.obj)
                0x0800ae3c                output_limit_calc
 .text.__cxa_atexit
                0x0800b08c        0x4 NuttX/nuttx/libs/libxx/libxx.a(libxx_cxa_atexit.o)
                0x0800b08c                __cxa_atexit
 .text.__aeabi_atexit
                0x0800b090        0xa NuttX/nuttx/libs/libxx/libxx.a(libxx_eabi_atexit.o)
                0x0800b090                __aeabi_atexit
 .text._ZdlPv   0x0800b09a        0x4 NuttX/nuttx/libs/libxx/libxx.a(libxx_delete.o)
                0x0800b09a                operator delete(void*)
 .text._ZdaPv   0x0800b09e        0x4 NuttX/nuttx/libs/libxx/libxx.a(libxx_deletea.o)
                0x0800b09e                operator delete[](void*)
 .text._Znwj    0x0800b0a2        0xa NuttX/nuttx/libs/libxx/libxx.a(libxx_new.o)
                0x0800b0a2                operator new(unsigned int)
 .text._Znaj    0x0800b0ac        0xa NuttX/nuttx/libs/libxx/libxx.a(libxx_newa.o)
                0x0800b0ac                operator new[](unsigned int)
 *fill*         0x0800b0b6        0x2 
 .text.crc32part
                0x0800b0b8       0x24 NuttX/nuttx/libs/libc/libc.a(lib_crc32.o)
                0x0800b0b8                crc32part
 .text.printf   0x0800b0dc       0x24 NuttX/nuttx/libs/libc/libc.a(lib_printf.o)
                0x0800b0dc                printf
 .text.vsnprintf
                0x0800b100       0x2a NuttX/nuttx/libs/libc/libc.a(lib_vsnprintf.o)
                0x0800b100                vsnprintf
 .text.sscanf   0x0800b12a       0x1a NuttX/nuttx/libs/libc/libc.a(lib_sscanf.o)
                0x0800b12a                sscanf
 .text.vsscanf  0x0800b144       0x24 NuttX/nuttx/libs/libc/libc.a(lib_vsscanf.o)
                0x0800b144                vsscanf
 .text.lib_vscanf
                0x0800b168      0x5d0 NuttX/nuttx/libs/libc/libc.a(lib_libvscanf.o)
                0x0800b168                lib_vscanf
 .text.vfprintf
                0x0800b738       0x1e NuttX/nuttx/libs/libc/libc.a(lib_vfprintf.o)
                0x0800b738                vfprintf
 .text.stdoutstream_putc
                0x0800b756       0x26 NuttX/nuttx/libs/libc/libc.a(lib_stdoutstream.o)
 .text.lib_stdoutstream
                0x0800b77c       0x18 NuttX/nuttx/libs/libc/libc.a(lib_stdoutstream.o)
                0x0800b77c                lib_stdoutstream
 .text.atoi     0x0800b794        0x8 NuttX/nuttx/libs/libc/libc.a(lib_atoi.o)
                0x0800b794                atoi
 .text.strtol   0x0800b79c       0x74 NuttX/nuttx/libs/libc/libc.a(lib_strtol.o)
                0x0800b79c                strtol
 .text.strtoul  0x0800b810       0xa2 NuttX/nuttx/libs/libc/libc.a(lib_strtoul.o)
                0x0800b810                strtoul
 .text.lib_checkbase
                0x0800b8b2       0x5c NuttX/nuttx/libs/libc/libc.a(lib_checkbase.o)
                0x0800b8b2                lib_checkbase
 .text.lib_isbasedigit
                0x0800b90e       0x4e NuttX/nuttx/libs/libc/libc.a(lib_isbasedigit.o)
                0x0800b90e                lib_isbasedigit
 .text.memchr   0x0800b95c       0x1c NuttX/nuttx/libs/libc/libc.a(lib_memchr.o)
                0x0800b95c                memchr
 .text.memmove  0x0800b978       0x2e NuttX/nuttx/libs/libc/libc.a(lib_memmove.o)
                0x0800b978                memmove
 .text.lib_skipspace
                0x0800b9a6       0x18 NuttX/nuttx/libs/libc/libc.a(lib_skipspace.o)
                0x0800b9a6                lib_skipspace
 .text.strchr   0x0800b9be       0x16 NuttX/nuttx/libs/libc/libc.a(lib_strchr.o)
                0x0800b9be                strchr
 .text.strcmp   0x0800b9d4       0x16 NuttX/nuttx/libs/libc/libc.a(lib_strcmp.o)
                0x0800b9d4                strcmp
 .text.strncpy  0x0800b9ea       0x24 NuttX/nuttx/libs/libc/libc.a(lib_strncpy.o)
                0x0800b9ea                strncpy
 *fill*         0x0800ba0e        0x2 
 .text.vsyslog  0x0800ba10       0x24 NuttX/nuttx/libs/libc/libc.a(lib_syslog.o)
                0x0800ba10                vsyslog
 .text.syslog   0x0800ba34       0x1a NuttX/nuttx/libs/libc/libc.a(lib_syslog.o)
                0x0800ba34                syslog
 .text.tcgetattr
                0x0800ba4e        0xa NuttX/nuttx/libs/libc/libc.a(lib_tcgetattr.o)
                0x0800ba4e                tcgetattr
 .text.tcsetattr
                0x0800ba58       0x10 NuttX/nuttx/libs/libc/libc.a(lib_tcsetattr.o)
                0x0800ba58                tcsetattr
 .text.isspace  0x0800ba68       0x14 NuttX/nuttx/libs/libc/libc.a(lib_isspace.o)
                0x0800ba68                isspace
 .text.meminstream_getc
                0x0800ba7c       0x1a NuttX/nuttx/libs/libc/libc.a(lib_meminstream.o)
 *fill*         0x0800ba96        0x2 
 .text.lib_meminstream
                0x0800ba98       0x14 NuttX/nuttx/libs/libc/libc.a(lib_meminstream.o)
                0x0800ba98                lib_meminstream
 .text.fputc    0x0800baac       0x3a NuttX/nuttx/libs/libc/libc.a(lib_fputc.o)
                0x0800baac                fputc
 .text.lib_fwrite
                0x0800bae6       0x1c NuttX/nuttx/libs/libc/libc.a(lib_libfwrite.o)
                0x0800bae6                lib_fwrite
 .text.nx_vsyslog
                0x0800bb02       0x26 NuttX/nuttx/drivers/libdrivers.a(vsyslog.o)
                0x0800bb02                nx_vsyslog
 .text.syslogstream_putc
                0x0800bb28       0x22 NuttX/nuttx/drivers/libdrivers.a(syslog_stream.o)
 *fill*         0x0800bb4a        0x2 
 .text.syslogstream_create
                0x0800bb4c       0x18 NuttX/nuttx/drivers/libdrivers.a(syslog_stream.o)
                0x0800bb4c                syslogstream_create
 .text.emergstream_putc
                0x0800bb64       0x1e NuttX/nuttx/drivers/libdrivers.a(syslog_emergstream.o)
 *fill*         0x0800bb82        0x2 
 .text.emergstream
                0x0800bb84       0x18 NuttX/nuttx/drivers/libdrivers.a(syslog_emergstream.o)
                0x0800bb84                emergstream
 .text.syslog_putc
                0x0800bb9c       0x2c NuttX/nuttx/drivers/libdrivers.a(syslog_putc.o)
                0x0800bb9c                syslog_putc
 .text.syslog_force
                0x0800bbc8        0xc NuttX/nuttx/drivers/libdrivers.a(syslog_force.o)
                0x0800bbc8                syslog_force
 .text.file_vioctl
                0x0800bbd4       0x1c NuttX/nuttx/fs/libfs.a(fs_ioctl.o)
                0x0800bbd4                file_vioctl
 .text.nx_vioctl
                0x0800bbf0       0x8c NuttX/nuttx/fs/libfs.a(fs_ioctl.o)
                0x0800bbf0                nx_vioctl
 .text.ioctl    0x0800bc7c       0x2c NuttX/nuttx/fs/libfs.a(fs_ioctl.o)
                0x0800bc7c                ioctl
 .text.file_read
                0x0800bca8       0x26 NuttX/nuttx/fs/libfs.a(fs_read.o)
                0x0800bca8                file_read
 .text.nx_read  0x0800bcce       0x28 NuttX/nuttx/fs/libfs.a(fs_read.o)
                0x0800bcce                nx_read
 .text.read     0x0800bcf6       0x1a NuttX/nuttx/fs/libfs.a(fs_read.o)
                0x0800bcf6                read
 .text.file_write
                0x0800bd10       0x20 NuttX/nuttx/fs/libfs.a(fs_write.o)
                0x0800bd10                file_write
 .text.nx_write
                0x0800bd30       0x30 NuttX/nuttx/fs/libfs.a(fs_write.o)
                0x0800bd30                nx_write
 .text.write    0x0800bd60       0x1a NuttX/nuttx/fs/libfs.a(fs_write.o)
                0x0800bd60                write
 .text.file_vfcntl
                0x0800bd7a       0x72 NuttX/nuttx/fs/libfs.a(fs_fcntl.o)
                0x0800bd7a                file_vfcntl
 .text.nx_vfcntl
                0x0800bdec       0x28 NuttX/nuttx/fs/libfs.a(fs_fcntl.o)
                0x0800bdec                nx_vfcntl
 .text.nx_fcntl
                0x0800be14       0x1a NuttX/nuttx/fs/libfs.a(fs_fcntl.o)
                0x0800be14                nx_fcntl
 .text.file_dup
                0x0800be2e       0x52 NuttX/nuttx/fs/libfs.a(fs_dupfd.o)
                0x0800be2e                file_dup
 .text.mallinfo
                0x0800be80       0x24 NuttX/nuttx/mm/libmm.a(umm_mallinfo.o)
                0x0800be80                mallinfo
 .text.mm_mallinfo
                0x0800bea4       0x56 NuttX/nuttx/mm/libmm.a(mm_mallinfo.o)
                0x0800bea4                mm_mallinfo
 *fill*         0x0800befa        0x2 
 .text.nxsched_get_streams
                0x0800befc       0x10 NuttX/nuttx/sched/libsched.a(sched_getstreams.o)
                0x0800befc                nxsched_get_streams
 .text.cosf     0x0800bf0c       0x78 e:/px4/toolchain/gcc-arm/bin/../lib/gcc/arm-none-eabi/7.3.1/../../../../arm-none-eabi/lib/thumb/v7-m\libm.a(lib_a-sf_cos.o)
                0x0800bf0c                cosf
 .text.floorf   0x0800bf84       0x88 e:/px4/toolchain/gcc-arm/bin/../lib/gcc/arm-none-eabi/7.3.1/../../../../arm-none-eabi/lib/thumb/v7-m\libm.a(lib_a-sf_floor.o)
                0x0800bf84                floorf
 .text.roundf   0x0800c00c       0x48 e:/px4/toolchain/gcc-arm/bin/../lib/gcc/arm-none-eabi/7.3.1/../../../../arm-none-eabi/lib/thumb/v7-m\libm.a(lib_a-sf_round.o)
                0x0800c00c                roundf
 .text.sinf     0x0800c054       0x7c e:/px4/toolchain/gcc-arm/bin/../lib/gcc/arm-none-eabi/7.3.1/../../../../arm-none-eabi/lib/thumb/v7-m\libm.a(lib_a-sf_sin.o)
                0x0800c054                sinf
 .text.sqrtf    0x0800c0d0       0xa0 e:/px4/toolchain/gcc-arm/bin/../lib/gcc/arm-none-eabi/7.3.1/../../../../arm-none-eabi/lib/thumb/v7-m\libm.a(lib_a-wf_sqrt.o)
                0x0800c0d0                sqrtf
 .text.__ieee754_rem_pio2f
                0x0800c170      0x2e4 e:/px4/toolchain/gcc-arm/bin/../lib/gcc/arm-none-eabi/7.3.1/../../../../arm-none-eabi/lib/thumb/v7-m\libm.a(lib_a-ef_rem_pio2.o)
                0x0800c170                __ieee754_rem_pio2f
 .text.__ieee754_sqrtf
                0x0800c454       0xa8 e:/px4/toolchain/gcc-arm/bin/../lib/gcc/arm-none-eabi/7.3.1/../../../../arm-none-eabi/lib/thumb/v7-m\libm.a(lib_a-ef_sqrt.o)
                0x0800c454                __ieee754_sqrtf
 .text.__kernel_cosf
                0x0800c4fc      0x188 e:/px4/toolchain/gcc-arm/bin/../lib/gcc/arm-none-eabi/7.3.1/../../../../arm-none-eabi/lib/thumb/v7-m\libm.a(lib_a-kf_cos.o)
                0x0800c4fc                __kernel_cosf
 .text.__kernel_rem_pio2f
                0x0800c684      0x6c4 e:/px4/toolchain/gcc-arm/bin/../lib/gcc/arm-none-eabi/7.3.1/../../../../arm-none-eabi/lib/thumb/v7-m\libm.a(lib_a-kf_rem_pio2.o)
                0x0800c684                __kernel_rem_pio2f
 .text.__kernel_sinf
                0x0800cd48       0xec e:/px4/toolchain/gcc-arm/bin/../lib/gcc/arm-none-eabi/7.3.1/../../../../arm-none-eabi/lib/thumb/v7-m\libm.a(lib_a-kf_sin.o)
                0x0800cd48                __kernel_sinf
 .text.matherr  0x0800ce34        0x4 e:/px4/toolchain/gcc-arm/bin/../lib/gcc/arm-none-eabi/7.3.1/../../../../arm-none-eabi/lib/thumb/v7-m\libm.a(lib_a-s_matherr.o)
                0x0800ce34                matherr
 .text.fabsf    0x0800ce38        0x8 e:/px4/toolchain/gcc-arm/bin/../lib/gcc/arm-none-eabi/7.3.1/../../../../arm-none-eabi/lib/thumb/v7-m\libm.a(lib_a-sf_fabs.o)
                0x0800ce38                fabsf
 .text.scalbnf  0x0800ce40       0xb0 e:/px4/toolchain/gcc-arm/bin/../lib/gcc/arm-none-eabi/7.3.1/../../../../arm-none-eabi/lib/thumb/v7-m\libm.a(lib_a-sf_scalbn.o)
                0x0800ce40                scalbnf
 .text.copysignf
                0x0800cef0        0xc e:/px4/toolchain/gcc-arm/bin/../lib/gcc/arm-none-eabi/7.3.1/../../../../arm-none-eabi/lib/thumb/v7-m\libm.a(lib_a-sf_copysign.o)
                0x0800cef0                copysignf
 .text          0x0800cefc      0x378 e:/px4/toolchain/gcc-arm/bin/../lib/gcc/arm-none-eabi/7.3.1/thumb/v7-m\libgcc.a(_arm_addsubdf3.o)
                0x0800cefc                __aeabi_drsub
                0x0800cf04                __aeabi_dsub
                0x0800cf04                __subdf3
                0x0800cf08                __aeabi_dadd
                0x0800cf08                __adddf3
                0x0800d180                __floatunsidf
                0x0800d180                __aeabi_ui2d
                0x0800d1a0                __floatsidf
                0x0800d1a0                __aeabi_i2d
                0x0800d1c4                __aeabi_f2d
                0x0800d1c4                __extendsfdf2
                0x0800d208                __floatundidf
                0x0800d208                __aeabi_ul2d
                0x0800d218                __floatdidf
                0x0800d218                __aeabi_l2d
 .text          0x0800d274      0x424 e:/px4/toolchain/gcc-arm/bin/../lib/gcc/arm-none-eabi/7.3.1/thumb/v7-m\libgcc.a(_arm_muldivdf3.o)
                0x0800d274                __aeabi_dmul
                0x0800d274                __muldf3
                0x0800d4c8                __divdf3
                0x0800d4c8                __aeabi_ddiv
 .text          0x0800d698       0xa0 e:/px4/toolchain/gcc-arm/bin/../lib/gcc/arm-none-eabi/7.3.1/thumb/v7-m\libgcc.a(_arm_truncdfsf2.o)
                0x0800d698                __truncdfsf2
                0x0800d698                __aeabi_d2f
 .text          0x0800d738      0x21c e:/px4/toolchain/gcc-arm/bin/../lib/gcc/arm-none-eabi/7.3.1/thumb/v7-m\libgcc.a(_arm_addsubsf3.o)
                0x0800d738                __aeabi_frsub
                0x0800d740                __subsf3
                0x0800d740                __aeabi_fsub
                0x0800d744                __aeabi_fadd
                0x0800d744                __addsf3
                0x0800d8a4                __aeabi_ui2f
                0x0800d8a4                __floatunsisf
                0x0800d8ac                __aeabi_i2f
                0x0800d8ac                __floatsisf
                0x0800d8c8                __aeabi_ul2f
                0x0800d8c8                __floatundisf
                0x0800d8d8                __aeabi_l2f
                0x0800d8d8                __floatdisf
 .text          0x0800d954      0x2a0 e:/px4/toolchain/gcc-arm/bin/../lib/gcc/arm-none-eabi/7.3.1/thumb/v7-m\libgcc.a(_arm_muldivsf3.o)
                0x0800d954                __mulsf3
                0x0800d954                __aeabi_fmul
                0x0800dabc                __aeabi_fdiv
                0x0800dabc                __divsf3
 .text          0x0800dbf4       0xec e:/px4/toolchain/gcc-arm/bin/../lib/gcc/arm-none-eabi/7.3.1/thumb/v7-m\libgcc.a(_arm_cmpsf2.o)
                0x0800dbf4                __gesf2
                0x0800dbf4                __gtsf2
                0x0800dbfc                __lesf2
                0x0800dbfc                __ltsf2
                0x0800dc04                __nesf2
                0x0800dc04                __eqsf2
                0x0800dc04                __cmpsf2
                0x0800dc64                __aeabi_cfrcmple
                0x0800dc6c                __aeabi_cfcmpeq
                0x0800dc6c                __aeabi_cfcmple
                0x0800dc7c                __aeabi_fcmpeq
                0x0800dc90                __aeabi_fcmplt
                0x0800dca4                __aeabi_fcmple
                0x0800dcb8                __aeabi_fcmpge
                0x0800dccc                __aeabi_fcmpgt
 .text          0x0800dce0       0x2c e:/px4/toolchain/gcc-arm/bin/../lib/gcc/arm-none-eabi/7.3.1/thumb/v7-m\libgcc.a(_arm_unordsf2.o)
                0x0800dce0                __unordsf2
                0x0800dce0                __aeabi_fcmpun
 .text          0x0800dd0c       0x4c e:/px4/toolchain/gcc-arm/bin/../lib/gcc/arm-none-eabi/7.3.1/thumb/v7-m\libgcc.a(_arm_fixsfsi.o)
                0x0800dd0c                __aeabi_f2iz
                0x0800dd0c                __fixsfsi
 .text          0x0800dd58       0x40 e:/px4/toolchain/gcc-arm/bin/../lib/gcc/arm-none-eabi/7.3.1/thumb/v7-m\libgcc.a(_arm_fixunssfsi.o)
                0x0800dd58                __fixunssfsi
                0x0800dd58                __aeabi_f2uiz
 *(.fixup)
 *(.gnu.warning)
 *(.rodata .rodata.*)
 .rodata.g_idle_topstack
                0x0800dd98        0x4 NuttX/nuttx/arch/arm/src/libarch.a(stm32_start.o)
                0x0800dd98                g_idle_topstack
 .rodata.g_gpiobase
                0x0800dd9c       0x10 NuttX/nuttx/arch/arm/src/libarch.a(stm32_gpio.o)
                0x0800dd9c                g_gpiobase
 .rodata.arm_serialinit.str1.1
                0x0800ddac       0x23 NuttX/nuttx/arch/arm/src/libarch.a(stm32_serial.o)
 *fill*         0x0800ddcf        0x1 
 .rodata.g_uart_devs
                0x0800ddd0        0xc NuttX/nuttx/arch/arm/src/libarch.a(stm32_serial.o)
 .rodata.g_uart_dma_ops
                0x0800dddc       0x38 NuttX/nuttx/arch/arm/src/libarch.a(stm32_serial.o)
 .rodata.g_uart_ops
                0x0800de14       0x38 NuttX/nuttx/arch/arm/src/libarch.a(stm32_serial.o)
 .rodata.arm_hardfault.str1.1
                0x0800de4c       0x18 NuttX/nuttx/arch/arm/src/libarch.a(arm_hardfault.o)
 .rodata.g_baud_table
                0x0800de64       0xf8 NuttX/nuttx/libs/libc/libc.a(lib_cfspeed.o)
 .rodata.g_serialops
                0x0800df5c       0x1c NuttX/nuttx/drivers/libdrivers.a(serial.o)
 .rodata.inode_root_reserve.str1.1
                0x0800df78       0x18 NuttX/nuttx/fs/libfs.a(fs_inodereserve.o)
                                  0x1 (size before relaxing)